#
# There is insufficient memory for the Java Runtime Environment to continue.
# Native memory allocation (mmap) failed to map 167772160 bytes. Error detail: G1 virtual space
# Possible reasons:
#   The system is out of physical RAM or swap space
#   This process is running with CompressedOops enabled, and the Java Heap may be blocking the growth of the native heap
# Possible solutions:
#   Reduce memory load on the system
#   Increase physical memory or swap space
#   Check if swap backing store is full
#   Decrease Java heap size (-Xmx/-Xms)
#   Decrease number of Java threads
#   Decrease Java thread stack sizes (-Xss)
#   Set larger code cache with -XX:ReservedCodeCacheSize=
#   JVM is running with Zero Based Compressed Oops mode in which the Java heap is
#     placed in the first 32GB address space. The Java Heap base address is the
#     maximum limit for the native heap growth. Please use -XX:HeapBaseMinAddress
#     to set the Java Heap base and to place the Java Heap above 32GB virtual address.
# This output file may be truncated or incomplete.
#
#  Out of Memory Error (os_windows.cpp:3618), pid=7468, tid=20080
#
# JRE version:  (17.0.17+10) (build )
# Java VM: OpenJDK 64-Bit Server VM (17.0.17+10, mixed mode, sharing, tiered, compressed oops, compressed class ptrs, g1 gc, windows-amd64)
# No core dump will be written. Minidumps are not enabled by default on client versions of Windows
#

---------------  S U M M A R Y ------------

Command Line: 

Host: AMD Ryzen 3 3250U with Radeon Graphics         , 4 cores, 9G,  Windows 11 , 64 bit Build 26100 (10.0.26100.7309)
Time: Tue Jan 20 14:17:17 2026 India Standard Time elapsed time: 0.028384 seconds (0d 0h 0m 0s)

---------------  T H R E A D  ---------------

Current thread (0x0000019903bd7860):  JavaThread "Unknown thread" [_thread_in_vm, id=20080, stack(0x0000007961900000,0x0000007961a00000)]

Stack: [0x0000007961900000,0x0000007961a00000]
Native frames: (J=compiled Java code, j=interpreted, Vv=VM code, C=native code)
V  [jvm.dll+0x683fb9]
V  [jvm.dll+0x83a1b5]
V  [jvm.dll+0x83bc2e]
V  [jvm.dll+0x83c2b3]
V  [jvm.dll+0x248eff]
V  [jvm.dll+0x680d79]
V  [jvm.dll+0x675b7a]
V  [jvm.dll+0x3091a7]
V  [jvm.dll+0x310776]
V  [jvm.dll+0x360bbe]
V  [jvm.dll+0x360dfd]
V  [jvm.dll+0x2e022c]
V  [jvm.dll+0x2e1138]
V  [jvm.dll+0x80c6cb]
V  [jvm.dll+0x36e841]
V  [jvm.dll+0x7eb2a5]
V  [jvm.dll+0x3f444b]
V  [jvm.dll+0x3f5f31]
C  [jli.dll+0x52d0]
C  [ucrtbase.dll+0x37b0]
C  [KERNEL32.DLL+0x2e8d7]
C  [ntdll.dll+0x8c53c]


---------------  P R O C E S S  ---------------

Threads class SMR info:
_java_thread_list=0x00007fffe1a27f58, length=0, elements={
}

Java Threads: ( => current thread )

Other Threads:
  0x0000019903c26ea0 GCTaskThread "GC Thread#0" [stack: 0x0000007961a00000,0x0000007961b00000] [id=14844]
  0x0000019903c31c00 ConcurrentGCThread "G1 Main Marker" [stack: 0x0000007961b00000,0x0000007961c00000] [id=3496]
  0x0000019903c32620 ConcurrentGCThread "G1 Conc#0" [stack: 0x0000007961c00000,0x0000007961d00000] [id=19588]

[error occurred during error reporting (printing all threads), id 0xc0000005, EXCEPTION_ACCESS_VIOLATION (0xc0000005) at pc=0x00007fffe11e0d57]

VM state: not at safepoint (not fully initialized)

VM Mutex/Monitor currently owned by a thread:  ([mutex/lock_event])
[0x0000019903bd3f60] Heap_lock - owner thread: 0x0000019903bd7860

Heap address: 0x0000000761e00000, size: 2530 MB, Compressed Oops mode: Zero based, Oop shift amount: 3

CDS archive(s) mapped at: [0x0000000000000000-0x0000000000000000-0x0000000000000000), size 0, SharedBaseAddress: 0x0000000800000000, ArchiveRelocationMode: 1.
Narrow klass base: 0x0000000000000000, Narrow klass shift: 0, Narrow klass range: 0x0

GC Precious Log:
<Empty>

Heap:
 garbage-first heap   total 0K, used 0K [0x0000000761e00000, 0x0000000800000000)
  region size 2048K, 0 young (0K), 0 survivors (0K)

[error occurred during error reporting (printing heap information), id 0xc0000005, EXCEPTION_ACCESS_VIOLATION (0xc0000005) at pc=0x00007fffe15cd5c9]

GC Heap History (0 events):
No events

Dll operation events (1 events):
Event: 0.021 Loaded shared library C:\Program Files\Eclipse Adoptium\jdk-17.0.17.10-hotspot\bin\java.dll

Deoptimization events (0 events):
No events

Classes loaded (0 events):
No events

Classes unloaded (0 events):
No events

Classes redefined (0 events):
No events

Internal exceptions (0 events):
No events

VM Operations (0 events):
No events

Memory protections (0 events):
No events

Nmethod flushes (0 events):
No events

Events (0 events):
No events


Dynamic libraries:
0x00007ff7c7810000 - 0x00007ff7c781e000 	C:\Program Files\Eclipse Adoptium\jdk-17.0.17.10-hotspot\bin\java.exe
0x00007ff84ada0000 - 0x00007ff84b007000 	C:\WINDOWS\SYSTEM32\ntdll.dll
0x00007ff849bb0000 - 0x00007ff849c79000 	C:\WINDOWS\System32\KERNEL32.DLL
0x00007ff847ef0000 - 0x00007ff8482df000 	C:\WINDOWS\System32\KERNELBASE.dll
0x00007ff848740000 - 0x00007ff84888b000 	C:\WINDOWS\System32\ucrtbase.dll
0x00007ff821300000 - 0x00007ff821318000 	C:\Program Files\Eclipse Adoptium\jdk-17.0.17.10-hotspot\bin\jli.dll
0x00007ff849c80000 - 0x00007ff849e45000 	C:\WINDOWS\System32\USER32.dll
0x00007ff848650000 - 0x00007ff848677000 	C:\WINDOWS\System32\win32u.dll
0x00007ff849ad0000 - 0x00007ff849afb000 	C:\WINDOWS\System32\GDI32.dll
0x00007ff8483a0000 - 0x00007ff8484cc000 	C:\WINDOWS\System32\gdi32full.dll
0x00007ff8482f0000 - 0x00007ff848393000 	C:\WINDOWS\System32\msvcp_win.dll
0x00007ff821830000 - 0x00007ff82184e000 	C:\Program Files\Eclipse Adoptium\jdk-17.0.17.10-hotspot\bin\VCRUNTIME140.dll
0x00007ff838230000 - 0x00007ff8384c3000 	C:\WINDOWS\WinSxS\amd64_microsoft.windows.common-controls_6595b64144ccf1df_6.0.26100.7309_none_3e05feeae336a044\COMCTL32.dll
0x00007ff849130000 - 0x00007ff8491d9000 	C:\WINDOWS\System32\msvcrt.dll
0x00007ff84a3f0000 - 0x00007ff84a421000 	C:\WINDOWS\System32\IMM32.DLL
0x00007ff836a20000 - 0x00007ff836a2c000 	C:\Program Files\Eclipse Adoptium\jdk-17.0.17.10-hotspot\bin\vcruntime140_1.dll
0x00007ff806320000 - 0x00007ff8063ad000 	C:\Program Files\Eclipse Adoptium\jdk-17.0.17.10-hotspot\bin\msvcp140.dll
0x00007fffe0ef0000 - 0x00007fffe1b5b000 	C:\Program Files\Eclipse Adoptium\jdk-17.0.17.10-hotspot\bin\server\jvm.dll
0x00007ff849e50000 - 0x00007ff849f04000 	C:\WINDOWS\System32\ADVAPI32.dll
0x00007ff849b00000 - 0x00007ff849ba6000 	C:\WINDOWS\System32\sechost.dll
0x00007ff848b40000 - 0x00007ff848c58000 	C:\WINDOWS\System32\RPCRT4.dll
0x00007ff848ff0000 - 0x00007ff849064000 	C:\WINDOWS\System32\WS2_32.dll
0x00007ff847d70000 - 0x00007ff847dce000 	C:\WINDOWS\SYSTEM32\POWRPROF.dll
0x00007ff840f70000 - 0x00007ff840fa5000 	C:\WINDOWS\SYSTEM32\WINMM.dll
0x00007ff840fb0000 - 0x00007ff840fbb000 	C:\WINDOWS\SYSTEM32\VERSION.dll
0x00007ff847d50000 - 0x00007ff847d64000 	C:\WINDOWS\SYSTEM32\UMPDC.dll
0x00007ff846ca0000 - 0x00007ff846cbb000 	C:\WINDOWS\SYSTEM32\kernel.appcore.dll
0x00007ff82c0a0000 - 0x00007ff82c0aa000 	C:\Program Files\Eclipse Adoptium\jdk-17.0.17.10-hotspot\bin\jimage.dll
0x00007ff8458b0000 - 0x00007ff845af2000 	C:\WINDOWS\SYSTEM32\DBGHELP.DLL
0x00007ff848c60000 - 0x00007ff848fe5000 	C:\WINDOWS\System32\combase.dll
0x00007ff84a430000 - 0x00007ff84a506000 	C:\WINDOWS\System32\OLEAUT32.dll
0x00007ff8304b0000 - 0x00007ff8304ec000 	C:\WINDOWS\SYSTEM32\dbgcore.DLL
0x00007ff848a90000 - 0x00007ff848b35000 	C:\WINDOWS\System32\bcryptPrimitives.dll
0x00007ff821150000 - 0x00007ff821175000 	C:\Program Files\Eclipse Adoptium\jdk-17.0.17.10-hotspot\bin\java.dll

dbghelp: loaded successfully - version: 4.0.5 - missing functions: none
symbol engine: initialized successfully - sym options: 0x614 - pdb path: .;C:\Program Files\Eclipse Adoptium\jdk-17.0.17.10-hotspot\bin;C:\WINDOWS\SYSTEM32;C:\WINDOWS\WinSxS\amd64_microsoft.windows.common-controls_6595b64144ccf1df_6.0.26100.7309_none_3e05feeae336a044;C:\Program Files\Eclipse Adoptium\jdk-17.0.17.10-hotspot\bin\server

VM Arguments:
java_command: <unknown>
java_class_path (initial): <not set>
Launcher Type: SUN_STANDARD

[Global flags]
     intx CICompilerCount                          = 3                                         {product} {ergonomic}
     uint ConcGCThreads                            = 1                                         {product} {ergonomic}
     uint G1ConcRefinementThreads                  = 4                                         {product} {ergonomic}
   size_t G1HeapRegionSize                         = 2097152                                   {product} {ergonomic}
    uintx GCDrainStackTargetSize                   = 64                                        {product} {ergonomic}
   size_t InitialHeapSize                          = 167772160                                 {product} {ergonomic}
   size_t MarkStackSize                            = 4194304                                   {product} {ergonomic}
   size_t MaxHeapSize                              = 2652897280                                {product} {ergonomic}
   size_t MinHeapDeltaBytes                        = 2097152                                   {product} {ergonomic}
   size_t MinHeapSize                              = 8388608                                   {product} {ergonomic}
    uintx NonNMethodCodeHeapSize                   = 5832780                                {pd product} {ergonomic}
    uintx NonProfiledCodeHeapSize                  = 122912730                              {pd product} {ergonomic}
    uintx ProfiledCodeHeapSize                     = 122912730                              {pd product} {ergonomic}
    uintx ReservedCodeCacheSize                    = 251658240                              {pd product} {ergonomic}
     bool SegmentedCodeCache                       = true                                      {product} {ergonomic}
   size_t SoftMaxHeapSize                          = 2652897280                             {manageable} {ergonomic}
     bool UseCompressedClassPointers               = true                           {product lp64_product} {ergonomic}
     bool UseCompressedOops                        = true                           {product lp64_product} {ergonomic}
     bool UseG1GC                                  = true                                      {product} {ergonomic}
     bool UseLargePagesIndividualAllocation        = false                                  {pd product} {ergonomic}

Logging:
Log output configuration:
 #0: stdout all=warning uptime,level,tags
 #1: stderr all=off uptime,level,tags

Environment Variables:
PATH=C:\Users\Satvika\Desktop\hospital-frontend-app\node_modules\.bin;C:\Users\Satvika\Desktop\hospital-frontend-app\node_modules\.bin;C:\Users\Satvika\Desktop\node_modules\.bin;C:\Users\Satvika\node_modules\.bin;C:\Users\node_modules\.bin;C:\node_modules\.bin;C:\Users\Satvika\AppData\Roaming\npm\node_modules\npm\node_modules\@npmcli\run-script\lib\node-gyp-bin;C:\Program Files\Eclipse Adoptium\jdk-17.0.17.10-hotspot\bin;C:\Python313\Scripts\;C:\Python313\;C:\WINDOWS\system32;C:\WINDOWS;C:\WINDOWS\System32\Wbem;C:\WINDOWS\System32\WindowsPowerShell\v1.0\;C:\WINDOWS\System32\OpenSSH\;C:\Program Files\nodejs\;C:\ProgramData\chocolatey\bin;C:\Program Files\Git\cmd;C:\Users\Satvika\AppData\Local\Microsoft\WindowsApps;C:\Users\Satvika\AppData\Local\Programs\Microsoft VS Code\bin;C:\Users\Satvika\AppData\Roaming\npm;C:\Users\Satvika\AppData\Local\Android\Sdk\platform-tools;C:\Users\Satvika\AppData\Local\Android\Sdk\emulator;C:\Users\Satvika\AppData\Local\Android\Sdk\build-tools;
USERNAME=Sathvika
LANG=en_US.UTF-8
OS=Windows_NT
PROCESSOR_IDENTIFIER=AMD64 Family 23 Model 24 Stepping 1, AuthenticAMD
TMP=C:\Users\Satvika\AppData\Local\Temp
TEMP=C:\Users\Satvika\AppData\Local\Temp



Periodic native trim disabled


---------------  S Y S T E M  ---------------

OS:
 Windows 11 , 64 bit Build 26100 (10.0.26100.7309)
OS uptime: 7 days 2:24 hours

CPU: total 4 (initial active 4) (4 cores per cpu, 2 threads per core) family 23 model 24 stepping 1 microcode 0x8108109, cx8, cmov, fxsr, ht, mmx, 3dnowpref, sse, sse2, sse3, ssse3, sse4a, sse4.1, sse4.2, popcnt, lzcnt, tsc, tscinvbit, avx, avx2, aes, clmul, bmi1, bmi2, adx, sha, fma, vzeroupper, clflush, clflushopt
Processor Information for all 4 processors :
  Max Mhz: 2600, Current Mhz: 2600, Mhz Limit: 2600

Memory: 4k page, system-wide physical 10116M (470M free)
TotalPageFile size 28692M (AvailPageFile size 81M)
current process WorkingSet (physical memory assigned to process): 12M, peak: 12M
current process commit charge ("private bytes"): 52M, peak: 211M

vm_info: OpenJDK 64-Bit Server VM (17.0.17+10) for windows-amd64 JRE (17.0.17+10), built on Oct 21 2025 23:25:32 by "admin" with unknown MS VC++:1942

END.
