#
# There is insufficient memory for the Java Runtime Environment to continue.
# Native memory allocation (malloc) failed to allocate 409392 bytes. Error detail: Chunk::new
# Possible reasons:
#   The system is out of physical RAM or swap space
#   This process is running with CompressedOops enabled, and the Java Heap may be blocking the growth of the native heap
# Possible solutions:
#   Reduce memory load on the system
#   Increase physical memory or swap space
#   Check if swap backing store is full
#   Decrease Java heap size (-Xmx/-Xms)
#   Decrease number of Java threads
#   Decrease Java thread stack sizes (-Xss)
#   Set larger code cache with -XX:ReservedCodeCacheSize=
#   JVM is running with Unscaled Compressed Oops mode in which the Java heap is
#     placed in the first 4GB address space. The Java Heap base address is the
#     maximum limit for the native heap growth. Please use -XX:HeapBaseMinAddress
#     to set the Java Heap base and to place the Java Heap above 4GB virtual address.
# This output file may be truncated or incomplete.
#
#  Out of Memory Error (arena.cpp:191), pid=10176, tid=6028
#
# JRE version: OpenJDK Runtime Environment Microsoft-11926163 (17.0.16+8) (build 17.0.16+8-LTS)
# Java VM: OpenJDK 64-Bit Server VM Microsoft-11926163 (17.0.16+8-LTS, mixed mode, sharing, tiered, compressed oops, compressed class ptrs, g1 gc, windows-amd64)
# No core dump will be written. Minidumps are not enabled by default on client versions of Windows
#

---------------  S U M M A R Y ------------

Command Line: -Xmx64m -Xms64m -Dorg.gradle.appname=gradlew C:\Users\Likitha\Desktop\med app\hospital-frontend-app\android\\gradle\wrapper\gradle-wrapper.jar app:installDebug -PreactNativeDevServerPort=8081

Host: AMD Ryzen 3 3250U with Radeon Graphics         , 4 cores, 9G,  Windows 11 , 64 bit Build 26100 (10.0.26100.7309)
Time: Fri Jan  2 16:58:48 2026 India Standard Time elapsed time: 79.024176 seconds (0d 0h 1m 19s)

---------------  T H R E A D  ---------------

Current thread (0x000001bea0220730):  JavaThread "C2 CompilerThread0" daemon [_thread_in_native, id=6028, stack(0x0000004c44700000,0x0000004c44800000)]


Current CompileTask:
C2:  79024 1836   !   4       java.util.concurrent.ConcurrentHashMap::transfer (849 bytes)

Stack: [0x0000004c44700000,0x0000004c44800000]
Native frames: (J=compiled Java code, j=interpreted, Vv=VM code, C=native code)
V  [jvm.dll+0x68ee19]
V  [jvm.dll+0x846249]
V  [jvm.dll+0x847fb8]
V  [jvm.dll+0x848643]
V  [jvm.dll+0x24cf6f]
V  [jvm.dll+0xaecb6]
V  [jvm.dll+0xaf35c]
V  [jvm.dll+0x37139e]
V  [jvm.dll+0x33b7a5]
V  [jvm.dll+0x33ac0a]
V  [jvm.dll+0x21df29]
V  [jvm.dll+0x21d36d]
V  [jvm.dll+0x1a8ce6]
V  [jvm.dll+0x22db1b]
V  [jvm.dll+0x22bca6]
V  [jvm.dll+0x7fba9b]
V  [jvm.dll+0x7f5e9c]
V  [jvm.dll+0x68dd27]
C  [ucrtbase.dll+0x37b0]
C  [KERNEL32.DLL+0x2e8d7]
C  [ntdll.dll+0x8c53c]


---------------  P R O C E S S  ---------------

Threads class SMR info:
_java_thread_list=0x000001bee65f2db0, length=14, elements={
0x000001be87069790, 0x000001be87100940, 0x000001be87102c10, 0x000001be8711ae70,
0x000001be8711d750, 0x000001bea021df50, 0x000001bea021fb30, 0x000001bea0220730,
0x000001bea0229e60, 0x000001bea02450b0, 0x000001bea0367250, 0x000001bea036f9e0,
0x000001bee6085430, 0x000001be84d0f6d0
}

Java Threads: ( => current thread )
  0x000001be87069790 JavaThread "main" [_thread_in_native, id=3208, stack(0x0000004c43a00000,0x0000004c43b00000)]
  0x000001be87100940 JavaThread "Reference Handler" daemon [_thread_blocked, id=19320, stack(0x0000004c44100000,0x0000004c44200000)]
  0x000001be87102c10 JavaThread "Finalizer" daemon [_thread_blocked, id=18220, stack(0x0000004c44200000,0x0000004c44300000)]
  0x000001be8711ae70 JavaThread "Signal Dispatcher" daemon [_thread_blocked, id=1356, stack(0x0000004c44300000,0x0000004c44400000)]
  0x000001be8711d750 JavaThread "Attach Listener" daemon [_thread_blocked, id=17804, stack(0x0000004c44400000,0x0000004c44500000)]
  0x000001bea021df50 JavaThread "Service Thread" daemon [_thread_blocked, id=18772, stack(0x0000004c44500000,0x0000004c44600000)]
  0x000001bea021fb30 JavaThread "Monitor Deflation Thread" daemon [_thread_blocked, id=19184, stack(0x0000004c44600000,0x0000004c44700000)]
=>0x000001bea0220730 JavaThread "C2 CompilerThread0" daemon [_thread_in_native, id=6028, stack(0x0000004c44700000,0x0000004c44800000)]
  0x000001bea0229e60 JavaThread "C1 CompilerThread0" daemon [_thread_blocked, id=18568, stack(0x0000004c44800000,0x0000004c44900000)]
  0x000001bea02450b0 JavaThread "Sweeper thread" daemon [_thread_blocked, id=12800, stack(0x0000004c44900000,0x0000004c44a00000)]
  0x000001bea0367250 JavaThread "Notification Thread" daemon [_thread_blocked, id=9420, stack(0x0000004c44a00000,0x0000004c44b00000)]
  0x000001bea036f9e0 JavaThread "Common-Cleaner" daemon [_thread_blocked, id=7844, stack(0x0000004c44c00000,0x0000004c44d00000)]
  0x000001bee6085430 JavaThread "pool-1-thread-1" [_thread_in_native, id=16956, stack(0x0000004c45100000,0x0000004c45200000)]
  0x000001be84d0f6d0 JavaThread "C2 CompilerThread1" daemon [_thread_blocked, id=19480, stack(0x0000004c43800000,0x0000004c43900000)]

Other Threads:
  0x000001be870fa440 VMThread "VM Thread" [stack: 0x0000004c44000000,0x0000004c44100000] [id=18536]
  0x000001bea0367730 WatcherThread [stack: 0x0000004c44b00000,0x0000004c44c00000] [id=14524]
  0x000001be8708be80 GCTaskThread "GC Thread#0" [stack: 0x0000004c43b00000,0x0000004c43c00000] [id=18620]
  0x000001bea04f75d0 GCTaskThread "GC Thread#1" [stack: 0x0000004c44d00000,0x0000004c44e00000] [id=4104]
  0x000001bea067e920 GCTaskThread "GC Thread#2" [stack: 0x0000004c44e00000,0x0000004c44f00000] [id=13876]
  0x000001bea067ebe0 GCTaskThread "GC Thread#3" [stack: 0x0000004c44f00000,0x0000004c45000000] [id=17420]
  0x000001be8708d5d0 ConcurrentGCThread "G1 Main Marker" [stack: 0x0000004c43c00000,0x0000004c43d00000] [id=18472]
  0x000001be8708dff0 ConcurrentGCThread "G1 Conc#0" [stack: 0x0000004c43d00000,0x0000004c43e00000] [id=10736]
  0x000001be870e04f0 ConcurrentGCThread "G1 Refine#0" [stack: 0x0000004c43e00000,0x0000004c43f00000] [id=9260]
  0x000001be870e0f20 ConcurrentGCThread "G1 Service" [stack: 0x0000004c43f00000,0x0000004c44000000] [id=3664]

Threads with active compile tasks:
C2 CompilerThread0    79083 1836   !   4       java.util.concurrent.ConcurrentHashMap::transfer (849 bytes)

VM state: not at safepoint (normal execution)

VM Mutex/Monitor currently owned by a thread: None

Heap address: 0x00000000fc000000, size: 64 MB, Compressed Oops mode: 32-bit

CDS archive(s) mapped at: [0x000001bea1000000-0x000001bea1bb0000-0x000001bea1bb0000), size 12255232, SharedBaseAddress: 0x000001bea1000000, ArchiveRelocationMode: 1.
Compressed class space mapped at: 0x000001bea2000000-0x000001bee2000000, reserved size: 1073741824
Narrow klass base: 0x000001bea1000000, Narrow klass shift: 0, Narrow klass range: 0x100000000

GC Precious Log:
 CPUs: 4 total, 4 available
 Memory: 10116M
 Large Page Support: Disabled
 NUMA Support: Disabled
 Compressed Oops: Enabled (32-bit)
 Heap Region Size: 1M
 Heap Min Capacity: 64M
 Heap Initial Capacity: 64M
 Heap Max Capacity: 64M
 Pre-touch: Disabled
 Parallel Workers: 4
 Concurrent Workers: 1
 Concurrent Refinement Workers: 4
 Periodic GC: Disabled

Heap:
 garbage-first heap   total 65536K, used 36993K [0x00000000fc000000, 0x0000000100000000)
  region size 1024K, 31 young (31744K), 3 survivors (3072K)
 Metaspace       used 9615K, committed 9856K, reserved 1114112K
  class space    used 1251K, committed 1344K, reserved 1048576K

Heap Regions: E=young(eden), S=young(survivor), O=old, HS=humongous(starts), HC=humongous(continues), CS=collection set, F=free, OA=open archive, CA=closed archive, TAMS=top-at-mark-start (previous, next)
|   0|0x00000000fc000000, 0x00000000fc100000, 0x00000000fc100000|100%|HS|  |TAMS 0x00000000fc000000, 0x00000000fc000000| Complete 
|   1|0x00000000fc100000, 0x00000000fc200000, 0x00000000fc200000|100%|HC|  |TAMS 0x00000000fc100000, 0x00000000fc100000| Complete 
|   2|0x00000000fc200000, 0x00000000fc300000, 0x00000000fc300000|100%|HC|  |TAMS 0x00000000fc200000, 0x00000000fc200000| Complete 
|   3|0x00000000fc300000, 0x00000000fc400000, 0x00000000fc400000|100%| O|  |TAMS 0x00000000fc300000, 0x00000000fc300000| Untracked 
|   4|0x00000000fc400000, 0x00000000fc500000, 0x00000000fc500000|100%| O|  |TAMS 0x00000000fc400000, 0x00000000fc400000| Untracked 
|   5|0x00000000fc500000, 0x00000000fc600000, 0x00000000fc600000|100%| O|  |TAMS 0x00000000fc500000, 0x00000000fc500000| Untracked 
|   6|0x00000000fc600000, 0x00000000fc620400, 0x00000000fc700000| 12%| O|  |TAMS 0x00000000fc600000, 0x00000000fc600000| Untracked 
|   7|0x00000000fc700000, 0x00000000fc700000, 0x00000000fc800000|  0%| F|  |TAMS 0x00000000fc700000, 0x00000000fc700000| Untracked 
|   8|0x00000000fc800000, 0x00000000fc800000, 0x00000000fc900000|  0%| F|  |TAMS 0x00000000fc800000, 0x00000000fc800000| Untracked 
|   9|0x00000000fc900000, 0x00000000fc900000, 0x00000000fca00000|  0%| F|  |TAMS 0x00000000fc900000, 0x00000000fc900000| Untracked 
|  10|0x00000000fca00000, 0x00000000fca00000, 0x00000000fcb00000|  0%| F|  |TAMS 0x00000000fca00000, 0x00000000fca00000| Untracked 
|  11|0x00000000fcb00000, 0x00000000fcb00000, 0x00000000fcc00000|  0%| F|  |TAMS 0x00000000fcb00000, 0x00000000fcb00000| Untracked 
|  12|0x00000000fcc00000, 0x00000000fcc00000, 0x00000000fcd00000|  0%| F|  |TAMS 0x00000000fcc00000, 0x00000000fcc00000| Untracked 
|  13|0x00000000fcd00000, 0x00000000fcd00000, 0x00000000fce00000|  0%| F|  |TAMS 0x00000000fcd00000, 0x00000000fcd00000| Untracked 
|  14|0x00000000fce00000, 0x00000000fce00000, 0x00000000fcf00000|  0%| F|  |TAMS 0x00000000fce00000, 0x00000000fce00000| Untracked 
|  15|0x00000000fcf00000, 0x00000000fcf00000, 0x00000000fd000000|  0%| F|  |TAMS 0x00000000fcf00000, 0x00000000fcf00000| Untracked 
|  16|0x00000000fd000000, 0x00000000fd000000, 0x00000000fd100000|  0%| F|  |TAMS 0x00000000fd000000, 0x00000000fd000000| Untracked 
|  17|0x00000000fd100000, 0x00000000fd100000, 0x00000000fd200000|  0%| F|  |TAMS 0x00000000fd100000, 0x00000000fd100000| Untracked 
|  18|0x00000000fd200000, 0x00000000fd200000, 0x00000000fd300000|  0%| F|  |TAMS 0x00000000fd200000, 0x00000000fd200000| Untracked 
|  19|0x00000000fd300000, 0x00000000fd300000, 0x00000000fd400000|  0%| F|  |TAMS 0x00000000fd300000, 0x00000000fd300000| Untracked 
|  20|0x00000000fd400000, 0x00000000fd400000, 0x00000000fd500000|  0%| F|  |TAMS 0x00000000fd400000, 0x00000000fd400000| Untracked 
|  21|0x00000000fd500000, 0x00000000fd500000, 0x00000000fd600000|  0%| F|  |TAMS 0x00000000fd500000, 0x00000000fd500000| Untracked 
|  22|0x00000000fd600000, 0x00000000fd600000, 0x00000000fd700000|  0%| F|  |TAMS 0x00000000fd600000, 0x00000000fd600000| Untracked 
|  23|0x00000000fd700000, 0x00000000fd700000, 0x00000000fd800000|  0%| F|  |TAMS 0x00000000fd700000, 0x00000000fd700000| Untracked 
|  24|0x00000000fd800000, 0x00000000fd800000, 0x00000000fd900000|  0%| F|  |TAMS 0x00000000fd800000, 0x00000000fd800000| Untracked 
|  25|0x00000000fd900000, 0x00000000fd900000, 0x00000000fda00000|  0%| F|  |TAMS 0x00000000fd900000, 0x00000000fd900000| Untracked 
|  26|0x00000000fda00000, 0x00000000fda00000, 0x00000000fdb00000|  0%| F|  |TAMS 0x00000000fda00000, 0x00000000fda00000| Untracked 
|  27|0x00000000fdb00000, 0x00000000fdb00000, 0x00000000fdc00000|  0%| F|  |TAMS 0x00000000fdb00000, 0x00000000fdb00000| Untracked 
|  28|0x00000000fdc00000, 0x00000000fdc00000, 0x00000000fdd00000|  0%| F|  |TAMS 0x00000000fdc00000, 0x00000000fdc00000| Untracked 
|  29|0x00000000fdd00000, 0x00000000fdd00000, 0x00000000fde00000|  0%| F|  |TAMS 0x00000000fdd00000, 0x00000000fdd00000| Untracked 
|  30|0x00000000fde00000, 0x00000000fde00000, 0x00000000fdf00000|  0%| F|  |TAMS 0x00000000fde00000, 0x00000000fde00000| Untracked 
|  31|0x00000000fdf00000, 0x00000000fdf00000, 0x00000000fe000000|  0%| F|  |TAMS 0x00000000fdf00000, 0x00000000fdf00000| Untracked 
|  32|0x00000000fe000000, 0x00000000fe000000, 0x00000000fe100000|  0%| F|  |TAMS 0x00000000fe000000, 0x00000000fe000000| Untracked 
|  33|0x00000000fe100000, 0x00000000fe1b3368, 0x00000000fe200000| 70%| E|  |TAMS 0x00000000fe100000, 0x00000000fe100000| Complete 
|  34|0x00000000fe200000, 0x00000000fe300000, 0x00000000fe300000|100%| E|CS|TAMS 0x00000000fe200000, 0x00000000fe200000| Complete 
|  35|0x00000000fe300000, 0x00000000fe400000, 0x00000000fe400000|100%| E|CS|TAMS 0x00000000fe300000, 0x00000000fe300000| Complete 
|  36|0x00000000fe400000, 0x00000000fe500000, 0x00000000fe500000|100%| E|CS|TAMS 0x00000000fe400000, 0x00000000fe400000| Complete 
|  37|0x00000000fe500000, 0x00000000fe600000, 0x00000000fe600000|100%| E|CS|TAMS 0x00000000fe500000, 0x00000000fe500000| Complete 
|  38|0x00000000fe600000, 0x00000000fe700000, 0x00000000fe700000|100%| E|CS|TAMS 0x00000000fe600000, 0x00000000fe600000| Complete 
|  39|0x00000000fe700000, 0x00000000fe800000, 0x00000000fe800000|100%| E|CS|TAMS 0x00000000fe700000, 0x00000000fe700000| Complete 
|  40|0x00000000fe800000, 0x00000000fe900000, 0x00000000fe900000|100%| E|CS|TAMS 0x00000000fe800000, 0x00000000fe800000| Complete 
|  41|0x00000000fe900000, 0x00000000fea00000, 0x00000000fea00000|100%| S|CS|TAMS 0x00000000fe900000, 0x00000000fe900000| Complete 
|  42|0x00000000fea00000, 0x00000000feb00000, 0x00000000feb00000|100%| S|CS|TAMS 0x00000000fea00000, 0x00000000fea00000| Complete 
|  43|0x00000000feb00000, 0x00000000fec00000, 0x00000000fec00000|100%| S|CS|TAMS 0x00000000feb00000, 0x00000000feb00000| Complete 
|  44|0x00000000fec00000, 0x00000000fed00000, 0x00000000fed00000|100%| E|CS|TAMS 0x00000000fec00000, 0x00000000fec00000| Complete 
|  45|0x00000000fed00000, 0x00000000fee00000, 0x00000000fee00000|100%| E|CS|TAMS 0x00000000fed00000, 0x00000000fed00000| Complete 
|  46|0x00000000fee00000, 0x00000000fef00000, 0x00000000fef00000|100%| E|CS|TAMS 0x00000000fee00000, 0x00000000fee00000| Complete 
|  47|0x00000000fef00000, 0x00000000ff000000, 0x00000000ff000000|100%| E|CS|TAMS 0x00000000fef00000, 0x00000000fef00000| Complete 
|  48|0x00000000ff000000, 0x00000000ff100000, 0x00000000ff100000|100%| E|CS|TAMS 0x00000000ff000000, 0x00000000ff000000| Complete 
|  49|0x00000000ff100000, 0x00000000ff200000, 0x00000000ff200000|100%| E|CS|TAMS 0x00000000ff100000, 0x00000000ff100000| Complete 
|  50|0x00000000ff200000, 0x00000000ff300000, 0x00000000ff300000|100%| E|CS|TAMS 0x00000000ff200000, 0x00000000ff200000| Complete 
|  51|0x00000000ff300000, 0x00000000ff400000, 0x00000000ff400000|100%| E|CS|TAMS 0x00000000ff300000, 0x00000000ff300000| Complete 
|  52|0x00000000ff400000, 0x00000000ff500000, 0x00000000ff500000|100%| E|CS|TAMS 0x00000000ff400000, 0x00000000ff400000| Complete 
|  53|0x00000000ff500000, 0x00000000ff600000, 0x00000000ff600000|100%| E|CS|TAMS 0x00000000ff500000, 0x00000000ff500000| Complete 
|  54|0x00000000ff600000, 0x00000000ff700000, 0x00000000ff700000|100%| E|CS|TAMS 0x00000000ff600000, 0x00000000ff600000| Complete 
|  55|0x00000000ff700000, 0x00000000ff800000, 0x00000000ff800000|100%| E|CS|TAMS 0x00000000ff700000, 0x00000000ff700000| Complete 
|  56|0x00000000ff800000, 0x00000000ff900000, 0x00000000ff900000|100%| E|CS|TAMS 0x00000000ff800000, 0x00000000ff800000| Complete 
|  57|0x00000000ff900000, 0x00000000ffa00000, 0x00000000ffa00000|100%| E|CS|TAMS 0x00000000ff900000, 0x00000000ff900000| Complete 
|  58|0x00000000ffa00000, 0x00000000ffb00000, 0x00000000ffb00000|100%| E|CS|TAMS 0x00000000ffa00000, 0x00000000ffa00000| Complete 
|  59|0x00000000ffb00000, 0x00000000ffc00000, 0x00000000ffc00000|100%| E|CS|TAMS 0x00000000ffb00000, 0x00000000ffb00000| Complete 
|  60|0x00000000ffc00000, 0x00000000ffd00000, 0x00000000ffd00000|100%| E|CS|TAMS 0x00000000ffc00000, 0x00000000ffc00000| Complete 
|  61|0x00000000ffd00000, 0x00000000ffe00000, 0x00000000ffe00000|100%| E|CS|TAMS 0x00000000ffd00000, 0x00000000ffd00000| Complete 
|  62|0x00000000ffe00000, 0x00000000fff00000, 0x00000000fff00000|100%| E|CS|TAMS 0x00000000ffe00000, 0x00000000ffe00000| Complete 
|  63|0x00000000fff00000, 0x0000000100000000, 0x0000000100000000|100%| E|CS|TAMS 0x00000000fff00000, 0x00000000fff00000| Complete 

Card table byte_map: [0x000001be86e60000,0x000001be86e80000] _byte_map_base: 0x000001be86680000

Marking Bits (Prev, Next): (CMBitMap*) 0x000001be8708c4a0, (CMBitMap*) 0x000001be8708c4e0
 Prev Bits: [0x000001be86ea0000, 0x000001be86fa0000)
 Next Bits: [0x000001be9dbc0000, 0x000001be9dcc0000)

Polling page: 0x000001be85030000

Metaspace:

Usage:
  Non-class:      8.17 MB used.
      Class:      1.22 MB used.
       Both:      9.39 MB used.

Virtual space:
  Non-class space:       64.00 MB reserved,       8.31 MB ( 13%) committed,  1 nodes.
      Class space:        1.00 GB reserved,       1.31 MB ( <1%) committed,  1 nodes.
             Both:        1.06 GB reserved,       9.62 MB ( <1%) committed. 

Chunk freelists:
   Non-Class:  7.67 MB
       Class:  14.52 MB
        Both:  22.19 MB

MaxMetaspaceSize: unlimited
CompressedClassSpaceSize: 1.00 GB
Initial GC threshold: 21.00 MB
Current GC threshold: 21.00 MB
CDS: on
MetaspaceReclaimPolicy: balanced
 - commit_granule_bytes: 65536.
 - commit_granule_words: 8192.
 - virtual_space_node_default_size: 8388608.
 - enlarge_chunks_in_place: 1.
 - new_chunks_are_fully_committed: 0.
 - uncommit_free_chunks: 1.
 - use_allocation_guard: 0.
 - handle_deallocations: 1.


Internal statistics:

num_allocs_failed_limit: 0.
num_arena_births: 72.
num_arena_deaths: 0.
num_vsnodes_births: 2.
num_vsnodes_deaths: 0.
num_space_committed: 154.
num_space_uncommitted: 0.
num_chunks_returned_to_freelist: 0.
num_chunks_taken_from_freelist: 331.
num_chunk_merges: 0.
num_chunk_splits: 216.
num_chunks_enlarged: 179.
num_inconsistent_stats: 0.

CodeHeap 'non-profiled nmethods': size=120000Kb used=722Kb max_used=722Kb free=119278Kb
 bounds [0x000001be96690000, 0x000001be96900000, 0x000001be9dbc0000]
CodeHeap 'profiled nmethods': size=120000Kb used=3516Kb max_used=3516Kb free=116483Kb
 bounds [0x000001be8ebc0000, 0x000001be8ef30000, 0x000001be960f0000]
CodeHeap 'non-nmethods': size=5760Kb used=1169Kb max_used=1184Kb free=4590Kb
 bounds [0x000001be960f0000, 0x000001be96360000, 0x000001be96690000]
 total_blobs=2322 nmethods=1857 adapters=378
 compilation: enabled
              stopped_count=0, restarted_count=0
 full_count=0

Compilation events (20 events):
Event: 66.106 Thread 0x000001bea0229e60 nmethod 1828 0x000001be8ef24090 code [0x000001be8ef24240, 0x000001be8ef24438]
Event: 66.106 Thread 0x000001bea0229e60 1831       3       org.gradle.internal.logging.console.DefaultColorMap::getColor (38 bytes)
Event: 66.107 Thread 0x000001bea0229e60 nmethod 1831 0x000001be8ef24590 code [0x000001be8ef24760, 0x000001be8ef24bc8]
Event: 66.107 Thread 0x000001bea0229e60 1829       3       org.gradle.internal.logging.console.DefaultAnsiExecutor::access$200 (7 bytes)
Event: 66.107 Thread 0x000001bea0229e60 nmethod 1829 0x000001be8ef24d10 code [0x000001be8ef24ec0, 0x000001be8ef250d8]
Event: 66.107 Thread 0x000001bea0229e60 1830       3       org.gradle.internal.logging.console.DefaultAnsiExecutor::charactersWritten (22 bytes)
Event: 66.107 Thread 0x000001bea0229e60 nmethod 1830 0x000001be8ef25210 code [0x000001be8ef253c0, 0x000001be8ef25598]
Event: 69.796 Thread 0x000001bea0229e60 1832       3       org.gradle.internal.logging.sink.GroupingProgressLogEventGenerator$OperationGroup::shouldPrintHeader (37 bytes)
Event: 69.796 Thread 0x000001bea0229e60 nmethod 1832 0x000001be8ef25690 code [0x000001be8ef25860, 0x000001be8ef25b88]
Event: 71.085 Thread 0x000001bea0229e60 1833       3       org.gradle.internal.logging.console.ProgressBar::trimToConsole (45 bytes)
Event: 71.085 Thread 0x000001bea0229e60 nmethod 1833 0x000001be8ef25c90 code [0x000001be8ef25e60, 0x000001be8ef261e8]
Event: 71.085 Thread 0x000001bea0229e60 1834       3       com.google.common.collect.ObjectArrays::checkElementNotNull (33 bytes)
Event: 71.085 Thread 0x000001bea0229e60 nmethod 1834 0x000001be8ef26390 code [0x000001be8ef26580, 0x000001be8ef26868]
Event: 76.612 Thread 0x000001bea0220730 1835       4       jdk.internal.misc.Unsafe::putReferenceOpaque (9 bytes)
Event: 76.613 Thread 0x000001bea0220730 nmethod 1835 0x000001be96740a90 code [0x000001be96740c00, 0x000001be96740d38]
Event: 78.962 Thread 0x000001bea0220730 1836   !   4       java.util.concurrent.ConcurrentHashMap::transfer (849 bytes)
Event: 78.972 Thread 0x000001bea0229e60 1838       3       java.lang.Class::descriptorString (170 bytes)
Event: 78.974 Thread 0x000001bea0229e60 nmethod 1838 0x000001be8ef26a10 code [0x000001be8ef26ee0, 0x000001be8ef28a98]
Event: 78.974 Thread 0x000001bea0229e60 1839       3       jdk.internal.org.objectweb.asm.MethodWriter::visitCode (1 bytes)
Event: 78.974 Thread 0x000001bea0229e60 nmethod 1839 0x000001be8ef29490 code [0x000001be8ef29620, 0x000001be8ef29738]

GC Heap History (4 events):
Event: 0.644 GC heap before
{Heap before GC invocations=0 (full 0):
 garbage-first heap   total 65536K, used 12288K [0x00000000fc000000, 0x0000000100000000)
  region size 1024K, 13 young (13312K), 0 survivors (0K)
 Metaspace       used 1674K, committed 1792K, reserved 1114112K
  class space    used 158K, committed 192K, reserved 1048576K
}
Event: 0.649 GC heap after
{Heap after GC invocations=1 (full 0):
 garbage-first heap   total 65536K, used 1536K [0x00000000fc000000, 0x0000000100000000)
  region size 1024K, 2 young (2048K), 2 survivors (2048K)
 Metaspace       used 1674K, committed 1792K, reserved 1114112K
  class space    used 158K, committed 192K, reserved 1048576K
}
Event: 1.384 GC heap before
{Heap before GC invocations=1 (full 0):
 garbage-first heap   total 65536K, used 22016K [0x00000000fc000000, 0x0000000100000000)
  region size 1024K, 20 young (20480K), 2 survivors (2048K)
 Metaspace       used 2245K, committed 2368K, reserved 1114112K
  class space    used 215K, committed 256K, reserved 1048576K
}
Event: 1.391 GC heap after
{Heap after GC invocations=2 (full 0):
 garbage-first heap   total 65536K, used 9345K [0x00000000fc000000, 0x0000000100000000)
  region size 1024K, 3 young (3072K), 3 survivors (3072K)
 Metaspace       used 2245K, committed 2368K, reserved 1114112K
  class space    used 215K, committed 256K, reserved 1048576K
}

Dll operation events (13 events):
Event: 0.012 Loaded shared library C:\Program Files\Microsoft\jdk-17.0.16.8-hotspot\bin\java.dll
Event: 0.034 Loaded shared library C:\Program Files\Microsoft\jdk-17.0.16.8-hotspot\bin\jsvml.dll
Event: 0.106 Loaded shared library C:\Program Files\Microsoft\jdk-17.0.16.8-hotspot\bin\net.dll
Event: 0.109 Loaded shared library C:\Program Files\Microsoft\jdk-17.0.16.8-hotspot\bin\nio.dll
Event: 0.115 Loaded shared library C:\Program Files\Microsoft\jdk-17.0.16.8-hotspot\bin\zip.dll
Event: 0.838 Loaded shared library C:\Program Files\Microsoft\jdk-17.0.16.8-hotspot\bin\jimage.dll
Event: 1.842 Loaded shared library C:\Program Files\Microsoft\jdk-17.0.16.8-hotspot\bin\management.dll
Event: 1.846 Loaded shared library C:\Program Files\Microsoft\jdk-17.0.16.8-hotspot\bin\management_ext.dll
Event: 1.932 Loaded shared library C:\Program Files\Microsoft\jdk-17.0.16.8-hotspot\bin\verify.dll
Event: 1.948 Loaded shared library C:\Users\Likitha\.gradle\native\1def1411415f61bf3af743bc5b6707747c0891f09f0c88961ee8f79bc544acac\windows-amd64\native-platform.dll
Event: 2.020 Loaded shared library C:\Users\Likitha\.gradle\native\jansi\1.18\windows64\jansi.dll
Event: 2.543 Loaded shared library C:\Program Files\Microsoft\jdk-17.0.16.8-hotspot\bin\extnet.dll
Event: 2.920 Loaded shared library C:\Program Files\Microsoft\jdk-17.0.16.8-hotspot\bin\sunmscapi.dll

Deoptimization events (20 events):
Event: 2.785 Thread 0x000001be87069790 DEOPT PACKING pc=0x000001be96710178 sp=0x0000004c43afc520
Event: 2.785 Thread 0x000001be87069790 DEOPT UNPACKING pc=0x000001be961469a3 sp=0x0000004c43afc498 mode 2
Event: 2.785 Thread 0x000001be87069790 Uncommon trap: trap_request=0xffffff45 fr.pc=0x000001be96704378 relative=0x0000000000001918
Event: 2.785 Thread 0x000001be87069790 Uncommon trap: reason=unstable_if action=reinterpret pc=0x000001be96704378 method=java.io.WinNTFileSystem.normalize(Ljava/lang/String;II)Ljava/lang/String; @ 87 c2
Event: 2.785 Thread 0x000001be87069790 DEOPT PACKING pc=0x000001be96704378 sp=0x0000004c43afc3f0
Event: 2.785 Thread 0x000001be87069790 DEOPT UNPACKING pc=0x000001be961469a3 sp=0x0000004c43afc3f0 mode 2
Event: 2.850 Thread 0x000001be87069790 Uncommon trap: trap_request=0xffffff45 fr.pc=0x000001be966cd204 relative=0x0000000000000064
Event: 2.850 Thread 0x000001be87069790 Uncommon trap: reason=unstable_if action=reinterpret pc=0x000001be966cd204 method=java.io.WinNTFileSystem.isSlash(C)Z @ 9 c2
Event: 2.850 Thread 0x000001be87069790 DEOPT PACKING pc=0x000001be966cd204 sp=0x0000004c43afcf40
Event: 2.850 Thread 0x000001be87069790 DEOPT UNPACKING pc=0x000001be961469a3 sp=0x0000004c43afcec8 mode 2
Event: 2.851 Thread 0x000001be87069790 Uncommon trap: trap_request=0xffffff45 fr.pc=0x000001be966d7a58 relative=0x0000000000000618
Event: 2.851 Thread 0x000001be87069790 Uncommon trap: reason=unstable_if action=reinterpret pc=0x000001be966d7a58 method=java.lang.AbstractStringBuilder.append(Ljava/lang/String;)Ljava/lang/AbstractStringBuilder; @ 1 c2
Event: 2.851 Thread 0x000001be87069790 DEOPT PACKING pc=0x000001be966d7a58 sp=0x0000004c43afd110
Event: 2.851 Thread 0x000001be87069790 DEOPT UNPACKING pc=0x000001be961469a3 sp=0x0000004c43afd090 mode 2
Event: 21.207 Thread 0x000001be87069790 Uncommon trap: trap_request=0xffffff45 fr.pc=0x000001be9673d9a8 relative=0x0000000000000508
Event: 21.207 Thread 0x000001be87069790 Uncommon trap: reason=unstable_if action=reinterpret pc=0x000001be9673d9a8 method=com.esotericsoftware.kryo.io.Input.readUtf8(I)V @ 79 c2
Event: 21.207 Thread 0x000001be87069790 DEOPT PACKING pc=0x000001be9673d9a8 sp=0x0000004c43afce10
Event: 21.207 Thread 0x000001be87069790 DEOPT UNPACKING pc=0x000001be961469a3 sp=0x0000004c43afcda8 mode 2
Event: 78.961 Thread 0x000001be87069790 DEOPT PACKING pc=0x000001be8ee344ca sp=0x0000004c43af89a0
Event: 78.962 Thread 0x000001be87069790 DEOPT UNPACKING pc=0x000001be96147143 sp=0x0000004c43af7eb0 mode 0

Classes loaded (20 events):
Event: 78.969 Loading class jdk/internal/logger/LazyLoggers$LazyLoggerFactories
Event: 78.969 Loading class jdk/internal/logger/LazyLoggers$LazyLoggerFactories done
Event: 78.970 Loading class jdk/internal/logger/LoggerFinderLoader
Event: 78.970 Loading class jdk/internal/logger/LoggerFinderLoader done
Event: 78.971 Loading class jdk/internal/logger/LoggerFinderLoader$TemporaryLoggerFinder
Event: 78.971 Loading class jdk/internal/logger/LoggerFinderLoader$TemporaryLoggerFinder done
Event: 78.971 Loading class sun/util/logging/internal/LoggingProviderImpl$JULWrapper
Event: 78.971 Loading class sun/util/logging/PlatformLogger$ConfigurableBridge$LoggerConfiguration
Event: 78.971 Loading class sun/util/logging/PlatformLogger$ConfigurableBridge$LoggerConfiguration done
Event: 78.971 Loading class sun/util/logging/internal/LoggingProviderImpl$JULWrapper done
Event: 78.972 Loading class java/io/ObjectInputFilter
Event: 78.972 Loading class java/io/ObjectInputFilter done
Event: 78.973 Loading class java/io/ObjectInputFilter$Config$BuiltinFilterFactory
Event: 78.973 Loading class java/io/ObjectInputFilter$Config$BuiltinFilterFactory done
Event: 78.973 Loading class jdk/internal/access/JavaObjectInputFilterAccess
Event: 78.973 Loading class jdk/internal/access/JavaObjectInputFilterAccess done
Event: 78.974 Loading class java/lang/System$Logger$Level
Event: 78.974 Loading class java/lang/System$Logger$Level done
Event: 78.974 Loading class java/io/Bits
Event: 78.974 Loading class java/io/Bits done

Classes unloaded (0 events):
No events

Classes redefined (0 events):
No events

Internal exceptions (18 events):
Event: 0.282 Thread 0x000001be87069790 Exception <a 'java/lang/NoSuchMethodError'{0x00000000ffdeee00}: 'int java.lang.invoke.DirectMethodHandle$Holder.invokeStaticInit(java.lang.Object, java.lang.Object)'> (0x00000000ffdeee00) 
thrown [s\src\hotspot\share\interpreter\linkResolver.cpp, line 759]
Event: 1.653 Thread 0x000001be87069790 Exception <a 'java/lang/NoSuchMethodError'{0x00000000ffdddb70}: 'int java.lang.invoke.DirectMethodHandle$Holder.invokeStatic(java.lang.Object, java.lang.Object, int)'> (0x00000000ffdddb70) 
thrown [s\src\hotspot\share\interpreter\linkResolver.cpp, line 759]
Event: 1.838 Thread 0x000001be87069790 Exception <a 'java/lang/NoSuchMethodError'{0x00000000ff984ca8}: 'java.lang.Object java.lang.invoke.DirectMethodHandle$Holder.invokeStaticInit(java.lang.Object)'> (0x00000000ff984ca8) 
thrown [s\src\hotspot\share\interpreter\linkResolver.cpp, line 759]
Event: 1.860 Thread 0x000001be87069790 Exception <a 'java/lang/NoSuchMethodError'{0x00000000ff99f998}: 'int java.lang.invoke.DirectMethodHandle$Holder.invokeSpecial(java.lang.Object, java.lang.Object, java.lang.Object)'> (0x00000000ff99f998) 
thrown [s\src\hotspot\share\interpreter\linkResolver.cpp, line 759]
Event: 1.875 Thread 0x000001be87069790 Exception <a 'java/lang/NoSuchMethodError'{0x00000000ff9dc900}: 'void java.lang.invoke.DirectMethodHandle$Holder.invokeStatic(java.lang.Object, java.lang.Object)'> (0x00000000ff9dc900) 
thrown [s\src\hotspot\share\interpreter\linkResolver.cpp, line 759]
Event: 1.877 Thread 0x000001be87069790 Implicit null exception at 0x000001be966f710f to 0x000001be966f7650
Event: 1.968 Thread 0x000001be87069790 Exception <a 'java/lang/NoSuchMethodError'{0x00000000ff78af50}: 'java.lang.Object java.lang.invoke.Invokers$Holder.invoker(java.lang.Object, java.lang.Object, java.lang.Object)'> (0x00000000ff78af50) 
thrown [s\src\hotspot\share\interpreter\linkResolver.cpp, line 759]
Event: 1.970 Thread 0x000001be87069790 Exception <a 'java/lang/NoSuchMethodError'{0x00000000ff7940a8}: 'java.lang.Object java.lang.invoke.DirectMethodHandle$Holder.invokeStatic(java.lang.Object, java.lang.Object, int)'> (0x00000000ff7940a8) 
thrown [s\src\hotspot\share\interpreter\linkResolver.cpp, line 759]
Event: 1.972 Thread 0x000001be87069790 Exception <a 'java/lang/NoSuchMethodError'{0x00000000ff79fd98}: 'void java.lang.invoke.DelegatingMethodHandle$Holder.delegate(java.lang.Object, java.lang.Object, int, java.lang.Object)'> (0x00000000ff79fd98) 
thrown [s\src\hotspot\share\interpreter\linkResolver.cpp, line 759]
Event: 1.976 Thread 0x000001be87069790 Exception <a 'java/lang/NoSuchMethodError'{0x00000000ff7b33e0}: 'java.lang.Object java.lang.invoke.Invokers$Holder.invokeExact_MT(java.lang.Object, java.lang.Object, java.lang.Object, java.lang.Object)'> (0x00000000ff7b33e0) 
thrown [s\src\hotspot\share\interpreter\linkResolver.cpp, line 759]
Event: 1.985 Thread 0x000001be87069790 Exception <a 'java/lang/NoSuchMethodError'{0x00000000ff7e0c28}: 'java.lang.Object java.lang.invoke.DirectMethodHandle$Holder.invokeVirtual(java.lang.Object, java.lang.Object, java.lang.Object)'> (0x00000000ff7e0c28) 
thrown [s\src\hotspot\share\interpreter\linkResolver.cpp, line 759]
Event: 2.140 Thread 0x000001be87069790 Exception <a 'java/lang/NoSuchMethodError'{0x00000000ff3d96c0}: 'java.lang.Object java.lang.invoke.DirectMethodHandle$Holder.newInvokeSpecial(java.lang.Object, java.lang.Object, java.lang.Object, java.lang.Object, java.lang.Object)'> (0x00000000ff3d96c0) 
thrown [s\src\hotspot\share\interpreter\linkResolver.cpp, line 759]
Event: 2.198 Thread 0x000001be87069790 Exception <a 'java/lang/NoSuchMethodError'{0x00000000ff16f110}: 'void java.lang.invoke.DirectMethodHandle$Holder.invokeSpecial(java.lang.Object, java.lang.Object, java.lang.Object)'> (0x00000000ff16f110) 
thrown [s\src\hotspot\share\interpreter\linkResolver.cpp, line 759]
Event: 2.202 Thread 0x000001be87069790 Implicit null exception at 0x000001be966d988f to 0x000001be966d9dcc
Event: 2.548 Thread 0x000001be87069790 Exception <a 'java/lang/NoSuchMethodError'{0x00000000fef8a778}: 'void java.lang.invoke.DirectMethodHandle$Holder.invokeStatic(java.lang.Object, java.lang.Object, java.lang.Object)'> (0x00000000fef8a778) 
thrown [s\src\hotspot\share\interpreter\linkResolver.cpp, line 759]
Event: 2.739 Thread 0x000001be87069790 Exception <a 'java/lang/NoSuchMethodError'{0x00000000fe76e608}: 'java.lang.Object java.lang.invoke.DirectMethodHandle$Holder.invokeStaticInit(java.lang.Object, int, int, int, int)'> (0x00000000fe76e608) 
thrown [s\src\hotspot\share\interpreter\linkResolver.cpp, line 759]
Event: 2.808 Thread 0x000001be87069790 Exception <a 'java/lang/NoSuchMethodError'{0x00000000fe645660}: 'java.lang.Object java.lang.invoke.DirectMethodHandle$Holder.invokeStaticInit(java.lang.Object, java.lang.Object, int, int, int, int)'> (0x00000000fe645660) 
thrown [s\src\hotspot\share\interpreter\linkResolver.cpp, line 759]
Event: 2.851 Thread 0x000001be87069790 Implicit null exception at 0x000001be966d7472 to 0x000001be966d7a40

VM Operations (20 events):
Event: 25.135 Executing VM operation: Cleanup
Event: 25.135 Executing VM operation: Cleanup done
Event: 30.157 Executing VM operation: Cleanup
Event: 30.157 Executing VM operation: Cleanup done
Event: 33.165 Executing VM operation: Cleanup
Event: 33.165 Executing VM operation: Cleanup done
Event: 41.242 Executing VM operation: Cleanup
Event: 41.242 Executing VM operation: Cleanup done
Event: 42.251 Executing VM operation: Cleanup
Event: 42.251 Executing VM operation: Cleanup done
Event: 54.330 Executing VM operation: Cleanup
Event: 54.330 Executing VM operation: Cleanup done
Event: 57.343 Executing VM operation: Cleanup
Event: 57.343 Executing VM operation: Cleanup done
Event: 60.052 Executing VM operation: HandshakeAllThreads
Event: 60.052 Executing VM operation: HandshakeAllThreads done
Event: 65.082 Executing VM operation: Cleanup
Event: 65.082 Executing VM operation: Cleanup done
Event: 68.097 Executing VM operation: Cleanup
Event: 68.097 Executing VM operation: Cleanup done

Memory protections (0 events):
No events

Nmethod flushes (0 events):
No events

Events (17 events):
Event: 0.035 Thread 0x000001be87069790 Thread added: 0x000001be87069790
Event: 0.059 Thread 0x000001be87069790 Thread added: 0x000001be87100940
Event: 0.060 Thread 0x000001be87069790 Thread added: 0x000001be87102c10
Event: 0.075 Thread 0x000001be87069790 Thread added: 0x000001be8711ae70
Event: 0.075 Thread 0x000001be87069790 Thread added: 0x000001be8711d750
Event: 0.075 Thread 0x000001be87069790 Thread added: 0x000001bea021df50
Event: 0.075 Thread 0x000001be87069790 Thread added: 0x000001bea021fb30
Event: 0.075 Thread 0x000001be87069790 Thread added: 0x000001bea0220730
Event: 0.076 Thread 0x000001be87069790 Thread added: 0x000001bea0229e60
Event: 0.076 Thread 0x000001be87069790 Thread added: 0x000001bea02450b0
Event: 0.100 Thread 0x000001be87069790 Thread added: 0x000001bea0367250
Event: 0.102 Thread 0x000001be87069790 Thread added: 0x000001bea036f9e0
Event: 0.832 Thread 0x000001bea0229e60 Thread added: 0x000001bea06b15f0
Event: 1.714 Thread 0x000001bea06b15f0 Thread exited: 0x000001bea06b15f0
Event: 1.824 Thread 0x000001bea0229e60 Thread added: 0x000001bee63b3de0
Event: 2.062 Thread 0x000001be87069790 Thread added: 0x000001bee6085430
Event: 2.548 Thread 0x000001bee63b3de0 Thread exited: 0x000001bee63b3de0


Dynamic libraries:
0x00007ff7be560000 - 0x00007ff7be56e000 	C:\Program Files\Microsoft\jdk-17.0.16.8-hotspot\bin\java.exe
0x00007fff0c440000 - 0x00007fff0c6a7000 	C:\WINDOWS\SYSTEM32\ntdll.dll
0x00007fff0ae10000 - 0x00007fff0aed9000 	C:\WINDOWS\System32\KERNEL32.DLL
0x00007fff09930000 - 0x00007fff09d1f000 	C:\WINDOWS\System32\KERNELBASE.dll
0x00007fff09590000 - 0x00007fff096db000 	C:\WINDOWS\System32\ucrtbase.dll
0x00007ffee9420000 - 0x00007ffee943e000 	C:\Program Files\Microsoft\jdk-17.0.16.8-hotspot\bin\VCRUNTIME140.dll
0x00007ffee99a0000 - 0x00007ffee99b8000 	C:\Program Files\Microsoft\jdk-17.0.16.8-hotspot\bin\jli.dll
0x00007fff0a2a0000 - 0x00007fff0a465000 	C:\WINDOWS\System32\USER32.dll
0x00007fff09790000 - 0x00007fff097b7000 	C:\WINDOWS\System32\win32u.dll
0x00007fff0bdf0000 - 0x00007fff0be1b000 	C:\WINDOWS\System32\GDI32.dll
0x00007ffef3fd0000 - 0x00007ffef4263000 	C:\WINDOWS\WinSxS\amd64_microsoft.windows.common-controls_6595b64144ccf1df_6.0.26100.7309_none_3e05feeae336a044\COMCTL32.dll
0x00007fff09dc0000 - 0x00007fff09eec000 	C:\WINDOWS\System32\gdi32full.dll
0x00007fff0a130000 - 0x00007fff0a1d3000 	C:\WINDOWS\System32\msvcp_win.dll
0x00007fff0bd40000 - 0x00007fff0bde9000 	C:\WINDOWS\System32\msvcrt.dll
0x00007fff0c3b0000 - 0x00007fff0c3e1000 	C:\WINDOWS\System32\IMM32.DLL
0x00007ffefb750000 - 0x00007ffefb75c000 	C:\Program Files\Microsoft\jdk-17.0.16.8-hotspot\bin\vcruntime140_1.dll
0x00007ffed0540000 - 0x00007ffed05c9000 	C:\Program Files\Microsoft\jdk-17.0.16.8-hotspot\bin\msvcp140.dll
0x00007ffea38e0000 - 0x00007ffea455a000 	C:\Program Files\Microsoft\jdk-17.0.16.8-hotspot\bin\server\jvm.dll
0x00007fff0a1e0000 - 0x00007fff0a294000 	C:\WINDOWS\System32\ADVAPI32.dll
0x00007fff0a7b0000 - 0x00007fff0a856000 	C:\WINDOWS\System32\sechost.dll
0x00007fff0bba0000 - 0x00007fff0bcb8000 	C:\WINDOWS\System32\RPCRT4.dll
0x00007fff0bcc0000 - 0x00007fff0bd34000 	C:\WINDOWS\System32\WS2_32.dll
0x00007fff09410000 - 0x00007fff0946e000 	C:\WINDOWS\SYSTEM32\POWRPROF.dll
0x00007fff02550000 - 0x00007fff0255b000 	C:\WINDOWS\SYSTEM32\VERSION.dll
0x00007fff024d0000 - 0x00007fff02505000 	C:\WINDOWS\SYSTEM32\WINMM.dll
0x00007fff093f0000 - 0x00007fff09404000 	C:\WINDOWS\SYSTEM32\UMPDC.dll
0x00007fff08340000 - 0x00007fff0835b000 	C:\WINDOWS\SYSTEM32\kernel.appcore.dll
0x00007ffef3980000 - 0x00007ffef398a000 	C:\Program Files\Microsoft\jdk-17.0.16.8-hotspot\bin\jimage.dll
0x00007ffeff410000 - 0x00007ffeff652000 	C:\WINDOWS\SYSTEM32\DBGHELP.DLL
0x00007fff0b800000 - 0x00007fff0bb85000 	C:\WINDOWS\System32\combase.dll
0x00007fff0af40000 - 0x00007fff0b016000 	C:\WINDOWS\System32\OLEAUT32.dll
0x00007fff06040000 - 0x00007fff0607c000 	C:\WINDOWS\SYSTEM32\dbgcore.DLL
0x00007fff096e0000 - 0x00007fff09785000 	C:\WINDOWS\System32\bcryptPrimitives.dll
0x00007ffed6d60000 - 0x00007ffed6d86000 	C:\Program Files\Microsoft\jdk-17.0.16.8-hotspot\bin\java.dll
0x00007ffea5c40000 - 0x00007ffea5d16000 	C:\Program Files\Microsoft\jdk-17.0.16.8-hotspot\bin\jsvml.dll
0x00007fff0b020000 - 0x00007fff0b773000 	C:\WINDOWS\System32\SHELL32.dll
0x00007fff097c0000 - 0x00007fff0992a000 	C:\WINDOWS\System32\wintypes.dll
0x00007fff071d0000 - 0x00007fff07a2e000 	C:\WINDOWS\SYSTEM32\windows.storage.dll
0x00007fff0a6b0000 - 0x00007fff0a7a5000 	C:\WINDOWS\System32\SHCORE.dll
0x00007fff0a640000 - 0x00007fff0a6a6000 	C:\WINDOWS\System32\shlwapi.dll
0x00007fff094b0000 - 0x00007fff094d9000 	C:\WINDOWS\SYSTEM32\profapi.dll
0x00007ffee77b0000 - 0x00007ffee77cb000 	C:\Program Files\Microsoft\jdk-17.0.16.8-hotspot\bin\net.dll
0x00007fff020c0000 - 0x00007fff021e8000 	C:\WINDOWS\SYSTEM32\WINHTTP.dll
0x00007fff088b0000 - 0x00007fff0891b000 	C:\WINDOWS\system32\mswsock.dll
0x00007ffee1f80000 - 0x00007ffee1f96000 	C:\Program Files\Microsoft\jdk-17.0.16.8-hotspot\bin\nio.dll
0x00007ffee1e60000 - 0x00007ffee1e78000 	C:\Program Files\Microsoft\jdk-17.0.16.8-hotspot\bin\zip.dll
0x00007ffef34f0000 - 0x00007ffef34fa000 	C:\Program Files\Microsoft\jdk-17.0.16.8-hotspot\bin\management.dll
0x00007ffef0780000 - 0x00007ffef078c000 	C:\Program Files\Microsoft\jdk-17.0.16.8-hotspot\bin\management_ext.dll
0x00007fff0c310000 - 0x00007fff0c318000 	C:\WINDOWS\System32\PSAPI.DLL
0x00007ffef0400000 - 0x00007ffef0410000 	C:\Program Files\Microsoft\jdk-17.0.16.8-hotspot\bin\verify.dll
0x00007ffed6cc0000 - 0x00007ffed6ce7000 	C:\Users\Likitha\.gradle\native\1def1411415f61bf3af743bc5b6707747c0891f09f0c88961ee8f79bc544acac\windows-amd64\native-platform.dll
0x00007ffefd7d0000 - 0x00007ffefd7da000 	C:\Users\Likitha\.gradle\native\jansi\1.18\windows64\jansi.dll
0x00007fff07d50000 - 0x00007fff07d84000 	C:\WINDOWS\SYSTEM32\IPHLPAPI.DLL
0x00007fff0c3f0000 - 0x00007fff0c3fa000 	C:\WINDOWS\System32\NSI.dll
0x00007fff022e0000 - 0x00007fff022fe000 	C:\WINDOWS\SYSTEM32\dhcpcsvc6.DLL
0x00007fff022b0000 - 0x00007fff022d3000 	C:\WINDOWS\SYSTEM32\dhcpcsvc.DLL
0x00007fff07de0000 - 0x00007fff07f0c000 	C:\WINDOWS\SYSTEM32\DNSAPI.dll
0x00007ffeed7c0000 - 0x00007ffeed7c9000 	C:\Program Files\Microsoft\jdk-17.0.16.8-hotspot\bin\extnet.dll
0x00007fff08b70000 - 0x00007fff08b8b000 	C:\WINDOWS\SYSTEM32\CRYPTSP.dll
0x00007fff082a0000 - 0x00007fff082da000 	C:\WINDOWS\system32\rsaenh.dll
0x00007fff08960000 - 0x00007fff0898b000 	C:\WINDOWS\SYSTEM32\USERENV.dll
0x00007fff09480000 - 0x00007fff094aa000 	C:\WINDOWS\SYSTEM32\bcrypt.dll
0x00007fff08b90000 - 0x00007fff08b9c000 	C:\WINDOWS\SYSTEM32\CRYPTBASE.dll
0x00007ffefda30000 - 0x00007ffefda3e000 	C:\Program Files\Microsoft\jdk-17.0.16.8-hotspot\bin\sunmscapi.dll
0x00007fff09fb0000 - 0x00007fff0a127000 	C:\WINDOWS\System32\CRYPT32.dll
0x00007fff08d90000 - 0x00007fff08dc0000 	C:\WINDOWS\SYSTEM32\ncrypt.dll
0x00007fff08d40000 - 0x00007fff08d7f000 	C:\WINDOWS\SYSTEM32\NTASN1.dll
0x00007ffee2750000 - 0x00007ffee2758000 	C:\WINDOWS\system32\wshunix.dll

dbghelp: loaded successfully - version: 4.0.5 - missing functions: none
symbol engine: initialized successfully - sym options: 0x614 - pdb path: .;C:\Program Files\Microsoft\jdk-17.0.16.8-hotspot\bin;C:\WINDOWS\SYSTEM32;C:\WINDOWS\WinSxS\amd64_microsoft.windows.common-controls_6595b64144ccf1df_6.0.26100.7309_none_3e05feeae336a044;C:\Program Files\Microsoft\jdk-17.0.16.8-hotspot\bin\server;C:\Users\Likitha\.gradle\native\1def1411415f61bf3af743bc5b6707747c0891f09f0c88961ee8f79bc544acac\windows-amd64;C:\Users\Likitha\.gradle\native\jansi\1.18\windows64

VM Arguments:
jvm_args: -Xmx64m -Xms64m -Dorg.gradle.appname=gradlew 
java_command: C:\Users\Likitha\Desktop\med app\hospital-frontend-app\android\\gradle\wrapper\gradle-wrapper.jar app:installDebug -PreactNativeDevServerPort=8081
java_class_path (initial): C:\Users\Likitha\Desktop\med app\hospital-frontend-app\android\\gradle\wrapper\gradle-wrapper.jar
Launcher Type: SUN_STANDARD

[Global flags]
     intx CICompilerCount                          = 3                                         {product} {ergonomic}
     uint ConcGCThreads                            = 1                                         {product} {ergonomic}
     uint G1ConcRefinementThreads                  = 4                                         {product} {ergonomic}
   size_t G1HeapRegionSize                         = 1048576                                   {product} {ergonomic}
    uintx GCDrainStackTargetSize                   = 64                                        {product} {ergonomic}
   size_t InitialHeapSize                          = 67108864                                  {product} {command line}
   size_t MarkStackSize                            = 4194304                                   {product} {ergonomic}
   size_t MaxHeapSize                              = 67108864                                  {product} {command line}
   size_t MaxNewSize                               = 39845888                                  {product} {ergonomic}
   size_t MinHeapDeltaBytes                        = 1048576                                   {product} {ergonomic}
   size_t MinHeapSize                              = 67108864                                  {product} {command line}
    uintx NonNMethodCodeHeapSize                   = 5832780                                {pd product} {ergonomic}
    uintx NonProfiledCodeHeapSize                  = 122912730                              {pd product} {ergonomic}
    uintx ProfiledCodeHeapSize                     = 122912730                              {pd product} {ergonomic}
    uintx ReservedCodeCacheSize                    = 251658240                              {pd product} {ergonomic}
     bool SegmentedCodeCache                       = true                                      {product} {ergonomic}
   size_t SoftMaxHeapSize                          = 67108864                               {manageable} {ergonomic}
     bool UseCompressedClassPointers               = true                           {product lp64_product} {ergonomic}
     bool UseCompressedOops                        = true                           {product lp64_product} {ergonomic}
     bool UseG1GC                                  = true                                      {product} {ergonomic}
     bool UseLargePagesIndividualAllocation        = false                                  {pd product} {ergonomic}

Logging:
Log output configuration:
 #0: stdout all=warning uptime,level,tags
 #1: stderr all=off uptime,level,tags

Environment Variables:
JAVA_HOME=C:\Program Files\Microsoft\jdk-17.0.16.8-hotspot\
PATH=C:\Users\Likitha\Desktop\med app\hospital-frontend-app\node_modules\.bin;C:\Users\Likitha\Desktop\med app\node_modules\.bin;C:\Users\Likitha\Desktop\node_modules\.bin;C:\Users\Likitha\node_modules\.bin;C:\Users\node_modules\.bin;C:\node_modules\.bin;C:\Program Files\nodejs\node_modules\npm\node_modules\@npmcli\run-script\lib\node-gyp-bin;C:\Program Files\Microsoft\jdk-17.0.16.8-hotspot\bin;C:\WINDOWS\system32;C:\WINDOWS;C:\WINDOWS\System32\Wbem;C:\WINDOWS\System32\WindowsPowerShell\v1.0\;C:\WINDOWS\System32\OpenSSH\;C:\ProgramData\chocolatey\bin;C:\Program Files\nodejs\;C:\Program Files\Git\cmd;C:\Users\Likitha\AppData\Local\Android\Sdk\emulator;C:\Users\Likitha\AppData\Local\Microsoft\WindowsApps;C:\Users\Likitha\AppData\Roaming\npm;C:\Users\Likitha\AppData\Local\Android\Sdk\platform-tools;C:\Users\Likitha\AppData\Local\Programs\Microsoft VS Code\bin;C:\Users\Likitha\AppData\Local\GitHubDesktop\bin;
USERNAME=Likitha
LANG=en_US.UTF-8
OS=Windows_NT
PROCESSOR_IDENTIFIER=AMD64 Family 23 Model 24 Stepping 1, AuthenticAMD
TMP=C:\Users\Likitha\AppData\Local\Temp
TEMP=C:\Users\Likitha\AppData\Local\Temp



Periodic native trim disabled


---------------  S Y S T E M  ---------------

OS:
 Windows 11 , 64 bit Build 26100 (10.0.26100.7309)
OS uptime: 4 days 2:39 hours

CPU: total 4 (initial active 4) (4 cores per cpu, 2 threads per core) family 23 model 24 stepping 1 microcode 0x8108109, cx8, cmov, fxsr, ht, mmx, 3dnowpref, sse, sse2, sse3, ssse3, sse4a, sse4.1, sse4.2, popcnt, lzcnt, tsc, tscinvbit, avx, avx2, aes, clmul, bmi1, bmi2, adx, sha, fma, vzeroupper, clflush, clflushopt
Processor Information for the first 4 processors :
  Max Mhz: 2600, Current Mhz: 2600, Mhz Limit: 2600

Memory: 4k page, system-wide physical 10116M (673M free)
TotalPageFile size 21890M (AvailPageFile size 2M)
current process WorkingSet (physical memory assigned to process): 100M, peak: 102M
current process commit charge ("private bytes"): 159M, peak: 162M

vm_info: OpenJDK 64-Bit Server VM (17.0.16+8-LTS) for windows-amd64 JRE (17.0.16+8-LTS), built on Jul 10 2025 00:24:24 by "MicrosoftCorporation" with unknown MS VC++:1944

END.
