#
# There is insufficient memory for the Java Runtime Environment to continue.
# Native memory allocation (malloc) failed to allocate 987296 bytes. Error detail: Chunk::new
# Possible reasons:
#   The system is out of physical RAM or swap space
#   This process is running with CompressedOops enabled, and the Java Heap may be blocking the growth of the native heap
# Possible solutions:
#   Reduce memory load on the system
#   Increase physical memory or swap space
#   Check if swap backing store is full
#   Decrease Java heap size (-Xmx/-Xms)
#   Decrease number of Java threads
#   Decrease Java thread stack sizes (-Xss)
#   Set larger code cache with -XX:ReservedCodeCacheSize=
#   JVM is running with Unscaled Compressed Oops mode in which the Java heap is
#     placed in the first 4GB address space. The Java Heap base address is the
#     maximum limit for the native heap growth. Please use -XX:HeapBaseMinAddress
#     to set the Java Heap base and to place the Java Heap above 4GB virtual address.
# This output file may be truncated or incomplete.
#
#  Out of Memory Error (arena.cpp:191), pid=7448, tid=2296
#
# JRE version: OpenJDK Runtime Environment Microsoft-11926163 (17.0.16+8) (build 17.0.16+8-LTS)
# Java VM: OpenJDK 64-Bit Server VM Microsoft-11926163 (17.0.16+8-LTS, mixed mode, sharing, tiered, compressed oops, compressed class ptrs, g1 gc, windows-amd64)
# No core dump will be written. Minidumps are not enabled by default on client versions of Windows
#

---------------  S U M M A R Y ------------

Command Line: --add-opens=java.base/java.lang=ALL-UNNAMED --add-opens=java.base/java.lang.invoke=ALL-UNNAMED --add-opens=java.base/java.util=ALL-UNNAMED --add-opens=java.prefs/java.util.prefs=ALL-UNNAMED --add-exports=jdk.compiler/com.sun.tools.javac.api=ALL-UNNAMED --add-exports=jdk.compiler/com.sun.tools.javac.util=ALL-UNNAMED --add-opens=java.base/java.util=ALL-UNNAMED --add-opens=java.prefs/java.util.prefs=ALL-UNNAMED --add-opens=java.base/java.nio.charset=ALL-UNNAMED --add-opens=java.base/java.net=ALL-UNNAMED --add-opens=java.base/java.util.concurrent=ALL-UNNAMED --add-opens=java.base/java.util.concurrent.atomic=ALL-UNNAMED --add-opens=java.xml/javax.xml.namespace=ALL-UNNAMED -XX:MaxMetaspaceSize=512m -Xmx2048m -Dfile.encoding=windows-1252 -Duser.country=US -Duser.language=en -Duser.variant -javaagent:C:\Users\Likitha\.gradle\wrapper\dists\gradle-9.0.0-bin\d6wjpkvcgsg3oed0qlfss3wgl\gradle-9.0.0\lib\agents\gradle-instrumentation-agent-9.0.0.jar org.gradle.launcher.daemon.bootstrap.GradleDaemon 9.0.0

Host: AMD Ryzen 3 3250U with Radeon Graphics         , 4 cores, 9G,  Windows 11 , 64 bit Build 22621 (10.0.22621.5415)
Time: Wed Dec  3 10:04:43 2025 India Standard Time elapsed time: 38.008498 seconds (0d 0h 0m 38s)

---------------  T H R E A D  ---------------

Current thread (0x000001fedcfcb780):  JavaThread "C2 CompilerThread0" daemon [_thread_in_native, id=2296, stack(0x0000002fb9900000,0x0000002fb9a00000)]


Current CompileTask:
C2:  38008 10576       4       org.gradle.internal.component.external.model.DefaultConfigurationMetadata::getAttributes (28 bytes)

Stack: [0x0000002fb9900000,0x0000002fb9a00000]
Native frames: (J=compiled Java code, j=interpreted, Vv=VM code, C=native code)
V  [jvm.dll+0x68ee19]
V  [jvm.dll+0x846249]
V  [jvm.dll+0x847fb8]
V  [jvm.dll+0x848643]
V  [jvm.dll+0x24cf6f]
V  [jvm.dll+0xaecb6]
V  [jvm.dll+0xaf35c]
V  [jvm.dll+0x2b4baf]
V  [jvm.dll+0x594a14]
V  [jvm.dll+0x226d84]
V  [jvm.dll+0x22718d]
V  [jvm.dll+0x220193]
V  [jvm.dll+0x21d260]
V  [jvm.dll+0x1a8ce6]
V  [jvm.dll+0x22db1b]
V  [jvm.dll+0x22bca6]
V  [jvm.dll+0x7fba9b]
V  [jvm.dll+0x7f5e9c]
V  [jvm.dll+0x68dd27]
C  [ucrtbase.dll+0x29333]
C  [KERNEL32.DLL+0x1259d]
C  [ntdll.dll+0x5af78]


---------------  P R O C E S S  ---------------

Threads class SMR info:
_java_thread_list=0x000001fe81040890, length=88, elements={
0x000001febf390c50, 0x000001fedcfac640, 0x000001fedcfad4c0, 0x000001fedcfc3710,
0x000001fedcfc7250, 0x000001fedcfca020, 0x000001fedcfca9e0, 0x000001fedcfcb780,
0x000001fedcfcd460, 0x000001fefc040840, 0x000001fefc0d14d0, 0x000001fefc1465b0,
0x000001fefc3be7e0, 0x000001fefccce000, 0x000001fefd02e270, 0x000001fefc082530,
0x000001fefd264af0, 0x000001fefd2631a0, 0x000001fefd2636b0, 0x000001fefd265a20,
0x000001fefd2640d0, 0x000001fefd263bc0, 0x000001fefd265f30, 0x000001fefd266440,
0x000001fefd2645e0, 0x000001fefd265000, 0x000001fefd265510, 0x000001fefd266950,
0x000001fefee67ca0, 0x000001fefee690e0, 0x000001fefee68bd0, 0x000001fefee681b0,
0x000001fefee630b0, 0x000001fefee686c0, 0x000001fefee65930, 0x000001fefee65e40,
0x000001fefee695f0, 0x000001fefee63fe0, 0x000001fefee644f0, 0x000001fefee64f10,
0x000001fefee66350, 0x000001fefee69b00, 0x000001fefee65420, 0x000001fefee66860,
0x000001fefee6a010, 0x000001fefee66d70, 0x000001fefee6a520, 0x000001fefee6aa30,
0x000001fefee67280, 0x000001fefee635c0, 0x000001fefee67790, 0x000001fefee63ad0,
0x000001fe808a5580, 0x000001fe808a73e0, 0x000001fe808a78f0, 0x000001fe808a7e00,
0x000001fe808a8310, 0x000001fe808a8820, 0x000001fe808a5070, 0x000001fe808a5a90,
0x000001fe8272b0b0, 0x000001fe8272aba0, 0x000001fe8272bad0, 0x000001fe8272a690,
0x000001fe82729250, 0x000001fe82729c70, 0x000001fe8272b5c0, 0x000001fe8272a180,
0x000001fe82725590, 0x000001fe8272bfe0, 0x000001fe8272c4f0, 0x000001fe82729760,
0x000001fe82725080, 0x000001fe827264c0, 0x000001fe8272ca00, 0x000001fe82725aa0,
0x000001fe82725fb0, 0x000001fe827269d0, 0x000001fe82726ee0, 0x000001fe827273f0,
0x000001fe82727900, 0x000001fe82727e10, 0x000001fe82728320, 0x000001fe82728830,
0x000001fe8172d270, 0x000001fe8172d780, 0x000001fe8172e6b0, 0x000001fe8172cd60
}

Java Threads: ( => current thread )
  0x000001febf390c50 JavaThread "main" [_thread_blocked, id=3448, stack(0x0000002fb8c00000,0x0000002fb8d00000)]
  0x000001fedcfac640 JavaThread "Reference Handler" daemon [_thread_blocked, id=18988, stack(0x0000002fb9300000,0x0000002fb9400000)]
  0x000001fedcfad4c0 JavaThread "Finalizer" daemon [_thread_blocked, id=17604, stack(0x0000002fb9400000,0x0000002fb9500000)]
  0x000001fedcfc3710 JavaThread "Signal Dispatcher" daemon [_thread_blocked, id=10412, stack(0x0000002fb9500000,0x0000002fb9600000)]
  0x000001fedcfc7250 JavaThread "Attach Listener" daemon [_thread_blocked, id=10820, stack(0x0000002fb9600000,0x0000002fb9700000)]
  0x000001fedcfca020 JavaThread "Service Thread" daemon [_thread_blocked, id=21344, stack(0x0000002fb9700000,0x0000002fb9800000)]
  0x000001fedcfca9e0 JavaThread "Monitor Deflation Thread" daemon [_thread_blocked, id=17812, stack(0x0000002fb9800000,0x0000002fb9900000)]
=>0x000001fedcfcb780 JavaThread "C2 CompilerThread0" daemon [_thread_in_native, id=2296, stack(0x0000002fb9900000,0x0000002fb9a00000)]
  0x000001fedcfcd460 JavaThread "C1 CompilerThread0" daemon [_thread_blocked, id=10452, stack(0x0000002fb9a00000,0x0000002fb9b00000)]
  0x000001fefc040840 JavaThread "Sweeper thread" daemon [_thread_blocked, id=12772, stack(0x0000002fb9b00000,0x0000002fb9c00000)]
  0x000001fefc0d14d0 JavaThread "Common-Cleaner" daemon [_thread_blocked, id=8352, stack(0x0000002fb9c00000,0x0000002fb9d00000)]
  0x000001fefc1465b0 JavaThread "Notification Thread" daemon [_thread_blocked, id=6468, stack(0x0000002fb9d00000,0x0000002fb9e00000)]
  0x000001fefc3be7e0 JavaThread "Daemon health stats" [_thread_blocked, id=13832, stack(0x0000002fba200000,0x0000002fba300000)]
  0x000001fefccce000 JavaThread "Incoming local TCP Connector on port 57580" [_thread_in_native, id=20944, stack(0x0000002fba300000,0x0000002fba400000)]
  0x000001fefd02e270 JavaThread "Daemon periodic checks" [_thread_blocked, id=1432, stack(0x0000002fba400000,0x0000002fba500000)]
  0x000001fefc082530 JavaThread "Daemon" [_thread_blocked, id=6980, stack(0x0000002fba500000,0x0000002fba600000)]
  0x000001fefd264af0 JavaThread "Handler for socket connection from /127.0.0.1:57580 to /127.0.0.1:57581" [_thread_in_native, id=12976, stack(0x0000002fba600000,0x0000002fba700000)]
  0x000001fefd2631a0 JavaThread "Cancel handler" [_thread_blocked, id=1280, stack(0x0000002fba700000,0x0000002fba800000)]
  0x000001fefd2636b0 JavaThread "Daemon worker" [_thread_blocked, id=6112, stack(0x0000002fba800000,0x0000002fba900000)]
  0x000001fefd265a20 JavaThread "Asynchronous log dispatcher for DefaultDaemonConnection: socket connection from /127.0.0.1:57580 to /127.0.0.1:57581" [_thread_blocked, id=7864, stack(0x0000002fba900000,0x0000002fbaa00000)]
  0x000001fefd2640d0 JavaThread "Stdin handler" [_thread_blocked, id=6204, stack(0x0000002fbaa00000,0x0000002fbab00000)]
  0x000001fefd263bc0 JavaThread "Daemon client event forwarder" [_thread_blocked, id=4848, stack(0x0000002fbab00000,0x0000002fbac00000)]
  0x000001fefd265f30 JavaThread "Cache worker for journal cache (C:\Users\Likitha\.gradle\caches\journal-1)" [_thread_in_Java, id=540, stack(0x0000002fbac00000,0x0000002fbad00000)]
  0x000001fefd266440 JavaThread "File lock request listener" [_thread_in_native, id=16844, stack(0x0000002fbad00000,0x0000002fbae00000)]
  0x000001fefd2645e0 JavaThread "Cache worker for file hash cache (C:\Users\Likitha\.gradle\caches\9.0.0\fileHashes)" [_thread_blocked, id=16436, stack(0x0000002fbae00000,0x0000002fbaf00000)]
  0x000001fefd265000 JavaThread "Cache worker for file hash cache (C:\Users\Likitha\Desktop\medicalll\hospital-frontend-app\android\.gradle\9.0.0\fileHashes)" [_thread_blocked, id=19076, stack(0x0000002fbaf00000,0x0000002fbb000000)]
  0x000001fefd265510 JavaThread "Cache worker for Build Output Cleanup Cache (C:\Users\Likitha\Desktop\medicalll\hospital-frontend-app\android\.gradle\buildOutputCleanup)" [_thread_blocked, id=10948, stack(0x0000002fbb000000,0x0000002fbb100000)]
  0x000001fefd266950 JavaThread "File watcher server" daemon [_thread_in_native, id=14932, stack(0x0000002fbb100000,0x0000002fbb200000)]
  0x000001fefee67ca0 JavaThread "File watcher consumer" daemon [_thread_blocked, id=13472, stack(0x0000002fbb200000,0x0000002fbb300000)]
  0x000001fefee690e0 JavaThread "Cache worker for checksums cache (C:\Users\Likitha\Desktop\medicalll\hospital-frontend-app\android\.gradle\9.0.0\checksums)" [_thread_blocked, id=21188, stack(0x0000002fbb300000,0x0000002fbb400000)]
  0x000001fefee68bd0 JavaThread "Cache worker for file content cache (C:\Users\Likitha\.gradle\caches\9.0.0\fileContent)" [_thread_blocked, id=16556, stack(0x0000002fbb400000,0x0000002fbb500000)]
  0x000001fefee681b0 JavaThread "Cache worker for cache directory md-supplier (C:\Users\Likitha\.gradle\caches\9.0.0\md-supplier)" [_thread_blocked, id=16148, stack(0x0000002fbb700000,0x0000002fbb800000)]
  0x000001fefee630b0 JavaThread "Cache worker for cache directory md-rule (C:\Users\Likitha\.gradle\caches\9.0.0\md-rule)" [_thread_blocked, id=16452, stack(0x0000002fbb800000,0x0000002fbb900000)]
  0x000001fefee686c0 JavaThread "jar transforms" [_thread_blocked, id=16628, stack(0x0000002fbb900000,0x0000002fbba00000)]
  0x000001fefee65930 JavaThread "Cache worker for Build Output Cleanup Cache (C:\Users\Likitha\Desktop\medicalll\hospital-frontend-app\node_modules\@react-native\gradle-plugin\.gradle\buildOutputCleanup)" [_thread_blocked, id=3800, stack(0x0000002fbba00000,0x0000002fbbb00000)]
  0x000001fefee65e40 JavaThread "Unconstrained build operations" [_thread_in_Java, id=1032, stack(0x0000002fbbb00000,0x0000002fbbc00000)]
  0x000001fefee695f0 JavaThread "Unconstrained build operations Thread 2" [_thread_in_native, id=16376, stack(0x0000002fbbc00000,0x0000002fbbd00000)]
  0x000001fefee63fe0 JavaThread "Unconstrained build operations Thread 3" [_thread_blocked, id=16580, stack(0x0000002fbbd00000,0x0000002fbbe00000)]
  0x000001fefee644f0 JavaThread "Unconstrained build operations Thread 4" [_thread_blocked, id=15372, stack(0x0000002fbbe00000,0x0000002fbbf00000)]
  0x000001fefee64f10 JavaThread "Unconstrained build operations Thread 5" [_thread_blocked, id=16100, stack(0x0000002fbbf00000,0x0000002fbc000000)]
  0x000001fefee66350 JavaThread "Unconstrained build operations Thread 6" [_thread_blocked, id=21124, stack(0x0000002fbc000000,0x0000002fbc100000)]
  0x000001fefee69b00 JavaThread "Unconstrained build operations Thread 7" [_thread_blocked, id=14720, stack(0x0000002fbc100000,0x0000002fbc200000)]
  0x000001fefee65420 JavaThread "Unconstrained build operations Thread 8" [_thread_blocked, id=13248, stack(0x0000002fbc200000,0x0000002fbc300000)]
  0x000001fefee66860 JavaThread "Unconstrained build operations Thread 9" [_thread_blocked, id=7960, stack(0x0000002fbc300000,0x0000002fbc400000)]
  0x000001fefee6a010 JavaThread "Unconstrained build operations Thread 10" [_thread_blocked, id=7908, stack(0x0000002fbc400000,0x0000002fbc500000)]
  0x000001fefee66d70 JavaThread "Unconstrained build operations Thread 11" [_thread_blocked, id=9980, stack(0x0000002fbc500000,0x0000002fbc600000)]
  0x000001fefee6a520 JavaThread "Unconstrained build operations Thread 12" [_thread_blocked, id=6120, stack(0x0000002fbc600000,0x0000002fbc700000)]
  0x000001fefee6aa30 JavaThread "Unconstrained build operations Thread 13" [_thread_blocked, id=17532, stack(0x0000002fbc700000,0x0000002fbc800000)]
  0x000001fefee67280 JavaThread "Unconstrained build operations Thread 14" [_thread_blocked, id=16596, stack(0x0000002fbc800000,0x0000002fbc900000)]
  0x000001fefee635c0 JavaThread "Unconstrained build operations Thread 15" [_thread_blocked, id=13904, stack(0x0000002fbc900000,0x0000002fbca00000)]
  0x000001fefee67790 JavaThread "build event listener" [_thread_blocked, id=14556, stack(0x0000002fbca00000,0x0000002fbcb00000)]
  0x000001fefee63ad0 JavaThread "Memory manager" [_thread_blocked, id=18300, stack(0x0000002fbcb00000,0x0000002fbcc00000)]
  0x000001fe808a5580 JavaThread "ForkJoinPool.commonPool-worker-1" daemon [_thread_blocked, id=13092, stack(0x0000002fb8a00000,0x0000002fb8b00000)]
  0x000001fe808a73e0 JavaThread "ForkJoinPool.commonPool-worker-2" daemon [_thread_blocked, id=16676, stack(0x0000002fbcc00000,0x0000002fbcd00000)]
  0x000001fe808a78f0 JavaThread "ForkJoinPool.commonPool-worker-3" daemon [_thread_blocked, id=2876, stack(0x0000002fbcd00000,0x0000002fbce00000)]
  0x000001fe808a7e00 JavaThread "included builds" [_thread_in_native, id=17148, stack(0x0000002fbce00000,0x0000002fbcf00000)]
  0x000001fe808a8310 JavaThread "included builds Thread 2" [_thread_blocked, id=12044, stack(0x0000002fbcf00000,0x0000002fbd000000)]
  0x000001fe808a8820 JavaThread "Execution worker" [_thread_blocked, id=10152, stack(0x0000002fbd000000,0x0000002fbd100000)]
  0x000001fe808a5070 JavaThread "Execution worker Thread 2" [_thread_blocked, id=5344, stack(0x0000002fbd100000,0x0000002fbd200000)]
  0x000001fe808a5a90 JavaThread "Execution worker Thread 3" [_thread_blocked, id=8520, stack(0x0000002fbd200000,0x0000002fbd300000)]
  0x000001fe8272b0b0 JavaThread "Cache worker for execution history cache (C:\Users\Likitha\Desktop\medicalll\hospital-frontend-app\node_modules\@react-native\gradle-plugin\.gradle\9.0.0\executionHistory)" [_thread_blocked, id=12960, stack(0x0000002fbd300000,0x0000002fbd400000)]
  0x000001fe8272aba0 JavaThread "Unconstrained build operations Thread 16" [_thread_blocked, id=14264, stack(0x0000002fbd400000,0x0000002fbd500000)]
  0x000001fe8272bad0 JavaThread "Unconstrained build operations Thread 17" [_thread_blocked, id=4924, stack(0x0000002fbd500000,0x0000002fbd600000)]
  0x000001fe8272a690 JavaThread "Unconstrained build operations Thread 18" [_thread_blocked, id=4304, stack(0x0000002fbd600000,0x0000002fbd700000)]
  0x000001fe82729250 JavaThread "Unconstrained build operations Thread 19" [_thread_blocked, id=11980, stack(0x0000002fbd700000,0x0000002fbd800000)]
  0x000001fe82729c70 JavaThread "Unconstrained build operations Thread 20" [_thread_blocked, id=1528, stack(0x0000002fbd800000,0x0000002fbd900000)]
  0x000001fe8272b5c0 JavaThread "Unconstrained build operations Thread 21" [_thread_blocked, id=18692, stack(0x0000002fbd900000,0x0000002fbda00000)]
  0x000001fe8272a180 JavaThread "Unconstrained build operations Thread 22" [_thread_blocked, id=16756, stack(0x0000002fbda00000,0x0000002fbdb00000)]
  0x000001fe82725590 JavaThread "Unconstrained build operations Thread 23" [_thread_blocked, id=9128, stack(0x0000002fbdb00000,0x0000002fbdc00000)]
  0x000001fe8272bfe0 JavaThread "Unconstrained build operations Thread 24" [_thread_blocked, id=14920, stack(0x0000002fbdc00000,0x0000002fbdd00000)]
  0x000001fe8272c4f0 JavaThread "Unconstrained build operations Thread 25" [_thread_blocked, id=8948, stack(0x0000002fbdd00000,0x0000002fbde00000)]
  0x000001fe82729760 JavaThread "Unconstrained build operations Thread 26" [_thread_blocked, id=16088, stack(0x0000002fbde00000,0x0000002fbdf00000)]
  0x000001fe82725080 JavaThread "Unconstrained build operations Thread 27" [_thread_blocked, id=21024, stack(0x0000002fbdf00000,0x0000002fbe000000)]
  0x000001fe827264c0 JavaThread "Unconstrained build operations Thread 28" [_thread_blocked, id=11948, stack(0x0000002fbe000000,0x0000002fbe100000)]
  0x000001fe8272ca00 JavaThread "Unconstrained build operations Thread 29" [_thread_blocked, id=21048, stack(0x0000002fbe100000,0x0000002fbe200000)]
  0x000001fe82725aa0 JavaThread "Unconstrained build operations Thread 30" [_thread_blocked, id=15836, stack(0x0000002fbe200000,0x0000002fbe300000)]
  0x000001fe82725fb0 JavaThread "Unconstrained build operations Thread 31" [_thread_blocked, id=4116, stack(0x0000002fbe300000,0x0000002fbe400000)]
  0x000001fe827269d0 JavaThread "Unconstrained build operations Thread 32" [_thread_blocked, id=19248, stack(0x0000002fbe400000,0x0000002fbe500000)]
  0x000001fe82726ee0 JavaThread "Unconstrained build operations Thread 33" [_thread_blocked, id=11468, stack(0x0000002fbe500000,0x0000002fbe600000)]
  0x000001fe827273f0 JavaThread "Unconstrained build operations Thread 34" [_thread_blocked, id=6628, stack(0x0000002fbe600000,0x0000002fbe700000)]
  0x000001fe82727900 JavaThread "Unconstrained build operations Thread 35" [_thread_blocked, id=5020, stack(0x0000002fbe700000,0x0000002fbe800000)]
  0x000001fe82727e10 JavaThread "Unconstrained build operations Thread 36" [_thread_blocked, id=13200, stack(0x0000002fbe800000,0x0000002fbe900000)]
  0x000001fe82728320 JavaThread "Unconstrained build operations Thread 37" [_thread_blocked, id=13752, stack(0x0000002fbe900000,0x0000002fbea00000)]
  0x000001fe82728830 JavaThread "jar transforms Thread 2" [_thread_blocked, id=1036, stack(0x0000002fbea00000,0x0000002fbeb00000)]
  0x000001fe8172d270 JavaThread "jar transforms Thread 3" [_thread_blocked, id=11688, stack(0x0000002fbed00000,0x0000002fbee00000)]
  0x000001fe8172d780 JavaThread "Unconstrained build operations Thread 38" [_thread_blocked, id=4656, stack(0x0000002fbee00000,0x0000002fbef00000)]
  0x000001fe8172e6b0 JavaThread "Unconstrained build operations Thread 39" [_thread_blocked, id=19896, stack(0x0000002fbef00000,0x0000002fbf000000)]
  0x000001fe8172cd60 JavaThread "Unconstrained build operations Thread 40" [_thread_blocked, id=17560, stack(0x0000002fbf000000,0x0000002fbf100000)]

Other Threads:
  0x000001fedcfa2ef0 VMThread "VM Thread" [stack: 0x0000002fb9200000,0x0000002fb9300000] [id=19332]
  0x000001fefc17eb00 WatcherThread [stack: 0x0000002fb9e00000,0x0000002fb9f00000] [id=9396]
  0x000001febf3ed8c0 GCTaskThread "GC Thread#0" [stack: 0x0000002fb8d00000,0x0000002fb8e00000] [id=20832]
  0x000001fefc26c810 GCTaskThread "GC Thread#1" [stack: 0x0000002fb9f00000,0x0000002fba000000] [id=5452]
  0x000001fefc339960 GCTaskThread "GC Thread#2" [stack: 0x0000002fba000000,0x0000002fba100000] [id=4860]
  0x000001fefcbd4f00 GCTaskThread "GC Thread#3" [stack: 0x0000002fba100000,0x0000002fba200000] [id=8320]
  0x000001febf3fe810 ConcurrentGCThread "G1 Main Marker" [stack: 0x0000002fb8e00000,0x0000002fb8f00000] [id=8080]
  0x000001febf3ff230 ConcurrentGCThread "G1 Conc#0" [stack: 0x0000002fb8f00000,0x0000002fb9000000] [id=14696]
  0x000001febf42dde0 ConcurrentGCThread "G1 Refine#0" [stack: 0x0000002fb9000000,0x0000002fb9100000] [id=18224]
  0x000001fefe74ab30 ConcurrentGCThread "G1 Refine#1" [stack: 0x0000002fbb500000,0x0000002fbb600000] [id=1968]
  0x000001fefe74a840 ConcurrentGCThread "G1 Refine#2" [stack: 0x0000002fbb600000,0x0000002fbb700000] [id=10580]
  0x000001febf42e810 ConcurrentGCThread "G1 Service" [stack: 0x0000002fb9100000,0x0000002fb9200000] [id=18668]

Threads with active compile tasks:
C2 CompilerThread0    38053 10576       4       org.gradle.internal.component.external.model.DefaultConfigurationMetadata::getAttributes (28 bytes)
C1 CompilerThread0    38053 10750       3       org.gradle.internal.resources.DefaultResourceLockCoordinationService$DefaultResourceLockState::registerUnlocked (57 bytes)

VM state: not at safepoint (normal execution)

VM Mutex/Monitor currently owned by a thread: None

Heap address: 0x0000000080000000, size: 2048 MB, Compressed Oops mode: 32-bit

CDS archive(s) mapped at: [0x000001fedd000000-0x000001feddbb0000-0x000001feddbb0000), size 12255232, SharedBaseAddress: 0x000001fedd000000, ArchiveRelocationMode: 1.
Compressed class space mapped at: 0x000001fede000000-0x000001fef8000000, reserved size: 436207616
Narrow klass base: 0x000001fedd000000, Narrow klass shift: 0, Narrow klass range: 0x100000000

GC Precious Log:
 CPUs: 4 total, 4 available
 Memory: 10116M
 Large Page Support: Disabled
 NUMA Support: Disabled
 Compressed Oops: Enabled (32-bit)
 Heap Region Size: 1M
 Heap Min Capacity: 8M
 Heap Initial Capacity: 160M
 Heap Max Capacity: 2G
 Pre-touch: Disabled
 Parallel Workers: 4
 Concurrent Workers: 1
 Concurrent Refinement Workers: 4
 Periodic GC: Disabled

Heap:
 garbage-first heap   total 96256K, used 74752K [0x0000000080000000, 0x0000000100000000)
  region size 1024K, 3 young (3072K), 1 survivors (1024K)
 Metaspace       used 71585K, committed 72576K, reserved 491520K
  class space    used 10246K, committed 10688K, reserved 425984K

Heap Regions: E=young(eden), S=young(survivor), O=old, HS=humongous(starts), HC=humongous(continues), CS=collection set, F=free, OA=open archive, CA=closed archive, TAMS=top-at-mark-start (previous, next)
|   0|0x0000000080000000, 0x0000000080100000, 0x0000000080100000|100%|HS|  |TAMS 0x0000000080100000, 0x0000000080000000| Complete 
|   1|0x0000000080100000, 0x0000000080200000, 0x0000000080200000|100%|HC|  |TAMS 0x0000000080200000, 0x0000000080100000| Complete 
|   2|0x0000000080200000, 0x0000000080300000, 0x0000000080300000|100%|HC|  |TAMS 0x0000000080300000, 0x0000000080200000| Complete 
|   3|0x0000000080300000, 0x0000000080400000, 0x0000000080400000|100%| O|  |TAMS 0x0000000080400000, 0x0000000080300000| Untracked 
|   4|0x0000000080400000, 0x0000000080500000, 0x0000000080500000|100%| O|  |TAMS 0x0000000080400000, 0x0000000080400000| Untracked 
|   5|0x0000000080500000, 0x0000000080600000, 0x0000000080600000|100%| O|  |TAMS 0x0000000080600000, 0x0000000080500000| Untracked 
|   6|0x0000000080600000, 0x0000000080700000, 0x0000000080700000|100%| O|  |TAMS 0x0000000080700000, 0x0000000080600000| Untracked 
|   7|0x0000000080700000, 0x0000000080800000, 0x0000000080800000|100%|HS|  |TAMS 0x0000000080800000, 0x0000000080700000| Complete 
|   8|0x0000000080800000, 0x0000000080900000, 0x0000000080900000|100%| O|  |TAMS 0x0000000080900000, 0x0000000080800000| Untracked 
|   9|0x0000000080900000, 0x0000000080a00000, 0x0000000080a00000|100%| O|  |TAMS 0x0000000080a00000, 0x0000000080900000| Untracked 
|  10|0x0000000080a00000, 0x0000000080b00000, 0x0000000080b00000|100%| O|  |TAMS 0x0000000080b00000, 0x0000000080a00000| Untracked 
|  11|0x0000000080b00000, 0x0000000080c00000, 0x0000000080c00000|100%| O|  |TAMS 0x0000000080c00000, 0x0000000080b00000| Untracked 
|  12|0x0000000080c00000, 0x0000000080d00000, 0x0000000080d00000|100%| O|  |TAMS 0x0000000080d00000, 0x0000000080c00000| Untracked 
|  13|0x0000000080d00000, 0x0000000080e00000, 0x0000000080e00000|100%| O|  |TAMS 0x0000000080e00000, 0x0000000080d00000| Untracked 
|  14|0x0000000080e00000, 0x0000000080f00000, 0x0000000080f00000|100%| O|  |TAMS 0x0000000080f00000, 0x0000000080e00000| Untracked 
|  15|0x0000000080f00000, 0x0000000081000000, 0x0000000081000000|100%| O|  |TAMS 0x0000000081000000, 0x0000000080f00000| Untracked 
|  16|0x0000000081000000, 0x0000000081100000, 0x0000000081100000|100%| O|  |TAMS 0x0000000081100000, 0x0000000081000000| Untracked 
|  17|0x0000000081100000, 0x0000000081200000, 0x0000000081200000|100%| O|  |TAMS 0x0000000081200000, 0x0000000081100000| Untracked 
|  18|0x0000000081200000, 0x0000000081300000, 0x0000000081300000|100%| O|  |TAMS 0x0000000081300000, 0x0000000081200000| Untracked 
|  19|0x0000000081300000, 0x0000000081400000, 0x0000000081400000|100%| O|  |TAMS 0x0000000081400000, 0x0000000081300000| Untracked 
|  20|0x0000000081400000, 0x0000000081500000, 0x0000000081500000|100%| O|  |TAMS 0x0000000081500000, 0x0000000081400000| Untracked 
|  21|0x0000000081500000, 0x0000000081600000, 0x0000000081600000|100%| O|  |TAMS 0x0000000081600000, 0x0000000081500000| Untracked 
|  22|0x0000000081600000, 0x0000000081700000, 0x0000000081700000|100%| O|  |TAMS 0x0000000081700000, 0x0000000081600000| Untracked 
|  23|0x0000000081700000, 0x0000000081800000, 0x0000000081800000|100%| O|  |TAMS 0x0000000081800000, 0x0000000081700000| Untracked 
|  24|0x0000000081800000, 0x0000000081900000, 0x0000000081900000|100%| O|  |TAMS 0x0000000081900000, 0x0000000081800000| Untracked 
|  25|0x0000000081900000, 0x0000000081a00000, 0x0000000081a00000|100%| O|  |TAMS 0x0000000081a00000, 0x0000000081900000| Untracked 
|  26|0x0000000081a00000, 0x0000000081b00000, 0x0000000081b00000|100%| O|  |TAMS 0x0000000081b00000, 0x0000000081a00000| Untracked 
|  27|0x0000000081b00000, 0x0000000081c00000, 0x0000000081c00000|100%| O|  |TAMS 0x0000000081c00000, 0x0000000081b00000| Untracked 
|  28|0x0000000081c00000, 0x0000000081d00000, 0x0000000081d00000|100%| O|  |TAMS 0x0000000081d00000, 0x0000000081c00000| Untracked 
|  29|0x0000000081d00000, 0x0000000081e00000, 0x0000000081e00000|100%| O|  |TAMS 0x0000000081e00000, 0x0000000081d00000| Untracked 
|  30|0x0000000081e00000, 0x0000000081f00000, 0x0000000081f00000|100%| O|  |TAMS 0x0000000081f00000, 0x0000000081e00000| Untracked 
|  31|0x0000000081f00000, 0x0000000082000000, 0x0000000082000000|100%| O|  |TAMS 0x0000000082000000, 0x0000000081f00000| Untracked 
|  32|0x0000000082000000, 0x0000000082100000, 0x0000000082100000|100%| O|  |TAMS 0x0000000082100000, 0x0000000082000000| Untracked 
|  33|0x0000000082100000, 0x0000000082200000, 0x0000000082200000|100%| O|  |TAMS 0x0000000082100000, 0x0000000082100000| Untracked 
|  34|0x0000000082200000, 0x0000000082300000, 0x0000000082300000|100%| O|  |TAMS 0x0000000082300000, 0x0000000082200000| Untracked 
|  35|0x0000000082300000, 0x0000000082400000, 0x0000000082400000|100%| O|  |TAMS 0x0000000082400000, 0x0000000082300000| Untracked 
|  36|0x0000000082400000, 0x0000000082500000, 0x0000000082500000|100%| O|  |TAMS 0x0000000082500000, 0x0000000082400000| Untracked 
|  37|0x0000000082500000, 0x0000000082600000, 0x0000000082600000|100%| O|  |TAMS 0x0000000082600000, 0x0000000082500000| Untracked 
|  38|0x0000000082600000, 0x0000000082700000, 0x0000000082700000|100%| O|  |TAMS 0x0000000082700000, 0x0000000082600000| Untracked 
|  39|0x0000000082700000, 0x0000000082800000, 0x0000000082800000|100%| O|  |TAMS 0x0000000082800000, 0x0000000082700000| Untracked 
|  40|0x0000000082800000, 0x0000000082900000, 0x0000000082900000|100%| O|  |TAMS 0x0000000082900000, 0x0000000082800000| Untracked 
|  41|0x0000000082900000, 0x0000000082a00000, 0x0000000082a00000|100%|HS|  |TAMS 0x0000000082a00000, 0x0000000082900000| Complete 
|  42|0x0000000082a00000, 0x0000000082b00000, 0x0000000082b00000|100%|HC|  |TAMS 0x0000000082b00000, 0x0000000082a00000| Complete 
|  43|0x0000000082b00000, 0x0000000082c00000, 0x0000000082c00000|100%|HC|  |TAMS 0x0000000082c00000, 0x0000000082b00000| Complete 
|  44|0x0000000082c00000, 0x0000000082d00000, 0x0000000082d00000|100%|HS|  |TAMS 0x0000000082d00000, 0x0000000082c00000| Complete 
|  45|0x0000000082d00000, 0x0000000082e00000, 0x0000000082e00000|100%|HC|  |TAMS 0x0000000082e00000, 0x0000000082d00000| Complete 
|  46|0x0000000082e00000, 0x0000000082f00000, 0x0000000082f00000|100%|HC|  |TAMS 0x0000000082f00000, 0x0000000082e00000| Complete 
|  47|0x0000000082f00000, 0x0000000083000000, 0x0000000083000000|100%| O|  |TAMS 0x0000000083000000, 0x0000000082f00000| Untracked 
|  48|0x0000000083000000, 0x0000000083100000, 0x0000000083100000|100%| O|  |TAMS 0x0000000083100000, 0x0000000083000000| Untracked 
|  49|0x0000000083100000, 0x0000000083200000, 0x0000000083200000|100%| O|  |TAMS 0x0000000083200000, 0x0000000083100000| Untracked 
|  50|0x0000000083200000, 0x0000000083300000, 0x0000000083300000|100%| O|  |TAMS 0x0000000083300000, 0x0000000083200000| Untracked 
|  51|0x0000000083300000, 0x0000000083400000, 0x0000000083400000|100%| O|  |TAMS 0x0000000083400000, 0x0000000083300000| Untracked 
|  52|0x0000000083400000, 0x0000000083500000, 0x0000000083500000|100%| O|  |TAMS 0x0000000083500000, 0x0000000083400000| Untracked 
|  53|0x0000000083500000, 0x0000000083600000, 0x0000000083600000|100%| O|  |TAMS 0x0000000083540800, 0x0000000083500000| Untracked 
|  54|0x0000000083600000, 0x0000000083700000, 0x0000000083700000|100%| O|  |TAMS 0x0000000083600000, 0x0000000083600000| Untracked 
|  55|0x0000000083700000, 0x0000000083800000, 0x0000000083800000|100%| O|  |TAMS 0x0000000083700000, 0x0000000083700000| Untracked 
|  56|0x0000000083800000, 0x0000000083900000, 0x0000000083900000|100%| O|  |TAMS 0x0000000083800000, 0x0000000083800000| Untracked 
|  57|0x0000000083900000, 0x0000000083a00000, 0x0000000083a00000|100%| O|  |TAMS 0x0000000083900000, 0x0000000083900000| Untracked 
|  58|0x0000000083a00000, 0x0000000083b00000, 0x0000000083b00000|100%| O|  |TAMS 0x0000000083a00000, 0x0000000083a00000| Untracked 
|  59|0x0000000083b00000, 0x0000000083c00000, 0x0000000083c00000|100%| O|  |TAMS 0x0000000083b00000, 0x0000000083b00000| Untracked 
|  60|0x0000000083c00000, 0x0000000083d00000, 0x0000000083d00000|100%| O|  |TAMS 0x0000000083c00000, 0x0000000083c00000| Untracked 
|  61|0x0000000083d00000, 0x0000000083e00000, 0x0000000083e00000|100%| O|  |TAMS 0x0000000083d00000, 0x0000000083d00000| Untracked 
|  62|0x0000000083e00000, 0x0000000083f00000, 0x0000000083f00000|100%| O|  |TAMS 0x0000000083e00000, 0x0000000083e00000| Untracked 
|  63|0x0000000083f00000, 0x0000000084000000, 0x0000000084000000|100%| O|  |TAMS 0x0000000083f00000, 0x0000000083f00000| Untracked 
|  64|0x0000000084000000, 0x0000000084100000, 0x0000000084100000|100%| O|  |TAMS 0x0000000084000000, 0x0000000084000000| Untracked 
|  65|0x0000000084100000, 0x0000000084200000, 0x0000000084200000|100%| O|  |TAMS 0x0000000084100000, 0x0000000084100000| Untracked 
|  66|0x0000000084200000, 0x0000000084300000, 0x0000000084300000|100%| O|  |TAMS 0x0000000084200000, 0x0000000084200000| Untracked 
|  67|0x0000000084300000, 0x0000000084400000, 0x0000000084400000|100%| O|  |TAMS 0x0000000084300000, 0x0000000084300000| Untracked 
|  68|0x0000000084400000, 0x0000000084500000, 0x0000000084500000|100%| O|  |TAMS 0x0000000084400000, 0x0000000084400000| Untracked 
|  69|0x0000000084500000, 0x0000000084600000, 0x0000000084600000|100%| O|  |TAMS 0x0000000084500000, 0x0000000084500000| Untracked 
|  70|0x0000000084600000, 0x0000000084700000, 0x0000000084700000|100%| O|  |TAMS 0x0000000084600000, 0x0000000084600000| Untracked 
|  71|0x0000000084700000, 0x0000000084700000, 0x0000000084800000|  0%| F|  |TAMS 0x0000000084700000, 0x0000000084700000| Untracked 
|  72|0x0000000084800000, 0x0000000084800000, 0x0000000084900000|  0%| F|  |TAMS 0x0000000084800000, 0x0000000084800000| Untracked 
|  73|0x0000000084900000, 0x0000000084900000, 0x0000000084a00000|  0%| F|  |TAMS 0x0000000084900000, 0x0000000084900000| Untracked 
|  74|0x0000000084a00000, 0x0000000084a00000, 0x0000000084b00000|  0%| F|  |TAMS 0x0000000084a00000, 0x0000000084a00000| Untracked 
|  75|0x0000000084b00000, 0x0000000084b00000, 0x0000000084c00000|  0%| F|  |TAMS 0x0000000084b00000, 0x0000000084b00000| Untracked 
|  76|0x0000000084c00000, 0x0000000084c00000, 0x0000000084d00000|  0%| F|  |TAMS 0x0000000084c00000, 0x0000000084c00000| Untracked 
|  77|0x0000000084d00000, 0x0000000084d00000, 0x0000000084e00000|  0%| F|  |TAMS 0x0000000084d00000, 0x0000000084d00000| Untracked 
|  78|0x0000000084e00000, 0x0000000084e00000, 0x0000000084f00000|  0%| F|  |TAMS 0x0000000084e00000, 0x0000000084e00000| Untracked 
|  79|0x0000000084f00000, 0x0000000084f00000, 0x0000000085000000|  0%| F|  |TAMS 0x0000000084f00000, 0x0000000084f00000| Untracked 
|  80|0x0000000085000000, 0x0000000085000000, 0x0000000085100000|  0%| F|  |TAMS 0x0000000085000000, 0x0000000085000000| Untracked 
|  81|0x0000000085100000, 0x0000000085100000, 0x0000000085200000|  0%| F|  |TAMS 0x0000000085100000, 0x0000000085100000| Untracked 
|  82|0x0000000085200000, 0x0000000085200000, 0x0000000085300000|  0%| F|  |TAMS 0x0000000085200000, 0x0000000085200000| Untracked 
|  83|0x0000000085300000, 0x0000000085300000, 0x0000000085400000|  0%| F|  |TAMS 0x0000000085300000, 0x0000000085300000| Untracked 
|  84|0x0000000085400000, 0x0000000085400000, 0x0000000085500000|  0%| F|  |TAMS 0x0000000085400000, 0x0000000085400000| Untracked 
|  85|0x0000000085500000, 0x0000000085600000, 0x0000000085600000|100%| S|CS|TAMS 0x0000000085500000, 0x0000000085500000| Complete 
|  86|0x0000000085600000, 0x0000000085600000, 0x0000000085700000|  0%| F|  |TAMS 0x0000000085600000, 0x0000000085600000| Untracked 
|  87|0x0000000085700000, 0x0000000085700000, 0x0000000085800000|  0%| F|  |TAMS 0x0000000085700000, 0x0000000085700000| Untracked 
|  88|0x0000000085800000, 0x0000000085800000, 0x0000000085900000|  0%| F|  |TAMS 0x0000000085800000, 0x0000000085800000| Untracked 
|  89|0x0000000085900000, 0x0000000085900000, 0x0000000085a00000|  0%| F|  |TAMS 0x0000000085900000, 0x0000000085900000| Untracked 
|  90|0x0000000085a00000, 0x0000000085a00000, 0x0000000085b00000|  0%| F|  |TAMS 0x0000000085a00000, 0x0000000085a00000| Untracked 
|  91|0x0000000085b00000, 0x0000000085b00000, 0x0000000085c00000|  0%| F|  |TAMS 0x0000000085b00000, 0x0000000085b00000| Untracked 
|  92|0x0000000085c00000, 0x0000000085ce1760, 0x0000000085d00000| 88%| E|  |TAMS 0x0000000085c00000, 0x0000000085c00000| Complete 
| 159|0x0000000089f00000, 0x000000008a000000, 0x000000008a000000|100%| E|CS|TAMS 0x0000000089f00000, 0x0000000089f00000| Complete 

Card table byte_map: [0x000001fed62d0000,0x000001fed66d0000] _byte_map_base: 0x000001fed5ed0000

Marking Bits (Prev, Next): (CMBitMap*) 0x000001febf3edee0, (CMBitMap*) 0x000001febf3edf20
 Prev Bits: [0x000001fed6ad0000, 0x000001fed8ad0000)
 Next Bits: [0x000001fed8ad0000, 0x000001fedaad0000)

Polling page: 0x000001febd210000

Metaspace:

Usage:
  Non-class:     59.91 MB used.
      Class:     10.01 MB used.
       Both:     69.91 MB used.

Virtual space:
  Non-class space:       64.00 MB reserved,      60.44 MB ( 94%) committed,  1 nodes.
      Class space:      416.00 MB reserved,      10.44 MB (  3%) committed,  1 nodes.
             Both:      480.00 MB reserved,      70.88 MB ( 15%) committed. 

Chunk freelists:
   Non-Class:  3.39 MB
       Class:  5.56 MB
        Both:  8.95 MB

MaxMetaspaceSize: 512.00 MB
CompressedClassSpaceSize: 416.00 MB
Initial GC threshold: 21.00 MB
Current GC threshold: 101.69 MB
CDS: on
MetaspaceReclaimPolicy: balanced
 - commit_granule_bytes: 65536.
 - commit_granule_words: 8192.
 - virtual_space_node_default_size: 8388608.
 - enlarge_chunks_in_place: 1.
 - new_chunks_are_fully_committed: 0.
 - uncommit_free_chunks: 1.
 - use_allocation_guard: 0.
 - handle_deallocations: 1.


Internal statistics:

num_allocs_failed_limit: 6.
num_arena_births: 1428.
num_arena_deaths: 0.
num_vsnodes_births: 2.
num_vsnodes_deaths: 0.
num_space_committed: 1134.
num_space_uncommitted: 0.
num_chunks_returned_to_freelist: 6.
num_chunks_taken_from_freelist: 4738.
num_chunk_merges: 6.
num_chunk_splits: 3008.
num_chunks_enlarged: 1828.
num_inconsistent_stats: 0.

CodeHeap 'non-profiled nmethods': size=120000Kb used=5104Kb max_used=5104Kb free=114895Kb
 bounds [0x000001fece9a0000, 0x000001feceea0000, 0x000001fed5ed0000]
CodeHeap 'profiled nmethods': size=120000Kb used=20197Kb max_used=20197Kb free=99802Kb
 bounds [0x000001fec6ed0000, 0x000001fec8290000, 0x000001fece400000]
CodeHeap 'non-nmethods': size=5760Kb used=1700Kb max_used=1750Kb free=4059Kb
 bounds [0x000001fece400000, 0x000001fece670000, 0x000001fece9a0000]
 total_blobs=10819 nmethods=10030 adapters=701
 compilation: enabled
              stopped_count=0, restarted_count=0
 full_count=0

Compilation events (20 events):
Event: 37.986 Thread 0x000001fedcfcd460 nmethod 10676 0x000001fec8257190 code [0x000001fec8257360, 0x000001fec82577f8]
Event: 37.987 Thread 0x000001fedcfcd460 10678   !   3       org.gradle.internal.serialize.kryo.StringDeduplicatingKryoBackedDecoder::readSmallInt (16 bytes)
Event: 37.988 Thread 0x000001fedcfcd460 nmethod 10678 0x000001fec8257990 code [0x000001fec8257ba0, 0x000001fec82581e8]
Event: 37.988 Thread 0x000001fedcfcd460 10679       3       java.util.AbstractList::hashCode (46 bytes)
Event: 37.988 Thread 0x000001fedcfcd460 nmethod 10679 0x000001fec8258490 code [0x000001fec8258680, 0x000001fec8258bb8]
Event: 37.988 Thread 0x000001fedcfcd460 10680       3       org.gradle.internal.serialize.kryo.StringDeduplicatingKryoBackedDecoder::readString (5 bytes)
Event: 37.988 Thread 0x000001fedcfcd460 nmethod 10680 0x000001fec8258d10 code [0x000001fec8258ec0, 0x000001fec8259008]
Event: 37.988 Thread 0x000001fedcfcd460 10681       1       org.gradle.api.internal.artifacts.ivyservice.resolveengine.result.DetachedResolvedGraphDependency::getSelectedVariant (5 bytes)
Event: 37.988 Thread 0x000001fedcfcd460 nmethod 10681 0x000001fecee9b010 code [0x000001fecee9b1a0, 0x000001fecee9b278]
Event: 37.988 Thread 0x000001fedcfcd460 10682       1       org.gradle.api.internal.artifacts.result.DefaultResolvedDependencyResult::getSelected (5 bytes)
Event: 37.988 Thread 0x000001fedcfcd460 nmethod 10682 0x000001fecee9b310 code [0x000001fecee9b4a0, 0x000001fecee9b578]
Event: 37.989 Thread 0x000001fedcfcd460 10683       3       org.gradle.api.internal.attributes.immutable.artifact.ImmutableArtifactTypeRegistry::mapWithoutDefaultAttributesFor (205 bytes)
Event: 37.990 Thread 0x000001fedcfcd460 nmethod 10683 0x000001fec8259090 code [0x000001fec82593c0, 0x000001fec825aa38]
Event: 37.990 Thread 0x000001fedcfcd460 10685   !   3       org.gradle.internal.resolve.resolver.DefaultComponentArtifactResolver::resolveArtifacts (110 bytes)
Event: 37.992 Thread 0x000001fedcfcd460 nmethod 10685 0x000001fec825b090 code [0x000001fec825b4a0, 0x000001fec825d908]
Event: 37.992 Thread 0x000001fedcfcd460 10684       3       org.gradle.api.internal.artifacts.ivyservice.resolveengine.artifact.ArtifactBackedResolvedVariant::<init> (38 bytes)
Event: 37.992 Thread 0x000001fedcfcd460 nmethod 10684 0x000001fec825e390 code [0x000001fec825e540, 0x000001fec825e8d8]
Event: 37.992 Thread 0x000001fedcfcd460 10686       3       java.nio.MappedByteBuffer::limit (8 bytes)
Event: 37.992 Thread 0x000001fedcfcd460 nmethod 10686 0x000001fec825e990 code [0x000001fec825eb40, 0x000001fec825ece8]
Event: 38.005 Thread 0x000001fedcfcd460 10687       3       org.gradle.api.internal.artifacts.transform.AbstractTransformExecution::<init> (77 bytes)

GC Heap History (20 events):
Event: 29.756 GC heap before
{Heap before GC invocations=30 (full 0):
 garbage-first heap   total 96256K, used 57602K [0x0000000080000000, 0x0000000100000000)
  region size 1024K, 4 young (4096K), 2 survivors (2048K)
 Metaspace       used 62990K, committed 63872K, reserved 491520K
  class space    used 9048K, committed 9472K, reserved 425984K
}
Event: 29.760 GC heap after
{Heap after GC invocations=31 (full 0):
 garbage-first heap   total 96256K, used 55327K [0x0000000080000000, 0x0000000100000000)
  region size 1024K, 1 young (1024K), 1 survivors (1024K)
 Metaspace       used 62990K, committed 63872K, reserved 491520K
  class space    used 9048K, committed 9472K, reserved 425984K
}
Event: 31.127 GC heap before
{Heap before GC invocations=31 (full 0):
 garbage-first heap   total 96256K, used 78879K [0x0000000080000000, 0x0000000100000000)
  region size 1024K, 25 young (25600K), 1 survivors (1024K)
 Metaspace       used 64559K, committed 65408K, reserved 491520K
  class space    used 9248K, committed 9664K, reserved 425984K
}
Event: 31.132 GC heap after
{Heap after GC invocations=32 (full 0):
 garbage-first heap   total 96256K, used 58282K [0x0000000080000000, 0x0000000100000000)
  region size 1024K, 4 young (4096K), 4 survivors (4096K)
 Metaspace       used 64559K, committed 65408K, reserved 491520K
  class space    used 9248K, committed 9664K, reserved 425984K
}
Event: 32.119 GC heap before
{Heap before GC invocations=32 (full 0):
 garbage-first heap   total 96256K, used 78762K [0x0000000080000000, 0x0000000100000000)
  region size 1024K, 24 young (24576K), 4 survivors (4096K)
 Metaspace       used 65470K, committed 66368K, reserved 491520K
  class space    used 9350K, committed 9792K, reserved 425984K
}
Event: 32.127 GC heap after
{Heap after GC invocations=33 (full 0):
 garbage-first heap   total 96256K, used 60307K [0x0000000080000000, 0x0000000100000000)
  region size 1024K, 3 young (3072K), 3 survivors (3072K)
 Metaspace       used 65470K, committed 66368K, reserved 491520K
  class space    used 9350K, committed 9792K, reserved 425984K
}
Event: 32.970 GC heap before
{Heap before GC invocations=33 (full 0):
 garbage-first heap   total 96256K, used 78739K [0x0000000080000000, 0x0000000100000000)
  region size 1024K, 21 young (21504K), 3 survivors (3072K)
 Metaspace       used 66482K, committed 67392K, reserved 491520K
  class space    used 9487K, committed 9920K, reserved 425984K
}
Event: 32.977 GC heap after
{Heap after GC invocations=34 (full 0):
 garbage-first heap   total 96256K, used 62249K [0x0000000080000000, 0x0000000100000000)
  region size 1024K, 3 young (3072K), 3 survivors (3072K)
 Metaspace       used 66482K, committed 67392K, reserved 491520K
  class space    used 9487K, committed 9920K, reserved 425984K
}
Event: 33.652 GC heap before
{Heap before GC invocations=34 (full 0):
 garbage-first heap   total 96256K, used 78633K [0x0000000080000000, 0x0000000100000000)
  region size 1024K, 19 young (19456K), 3 survivors (3072K)
 Metaspace       used 67744K, committed 68672K, reserved 491520K
  class space    used 9712K, committed 10176K, reserved 425984K
}
Event: 33.659 GC heap after
{Heap after GC invocations=35 (full 0):
 garbage-first heap   total 96256K, used 63626K [0x0000000080000000, 0x0000000100000000)
  region size 1024K, 2 young (2048K), 2 survivors (2048K)
 Metaspace       used 67744K, committed 68672K, reserved 491520K
  class space    used 9712K, committed 10176K, reserved 425984K
}
Event: 34.847 GC heap before
{Heap before GC invocations=35 (full 0):
 garbage-first heap   total 96256K, used 78986K [0x0000000080000000, 0x0000000100000000)
  region size 1024K, 18 young (18432K), 2 survivors (2048K)
 Metaspace       used 69111K, committed 70080K, reserved 491520K
  class space    used 9960K, committed 10432K, reserved 425984K
}
Event: 34.852 GC heap after
{Heap after GC invocations=36 (full 0):
 garbage-first heap   total 96256K, used 64996K [0x0000000080000000, 0x0000000100000000)
  region size 1024K, 3 young (3072K), 3 survivors (3072K)
 Metaspace       used 69111K, committed 70080K, reserved 491520K
  class space    used 9960K, committed 10432K, reserved 425984K
}
Event: 35.762 GC heap before
{Heap before GC invocations=36 (full 0):
 garbage-first heap   total 96256K, used 79332K [0x0000000080000000, 0x0000000100000000)
  region size 1024K, 18 young (18432K), 3 survivors (3072K)
 Metaspace       used 69796K, committed 70720K, reserved 491520K
  class space    used 10067K, committed 10496K, reserved 425984K
}
Event: 35.769 GC heap after
{Heap after GC invocations=37 (full 0):
 garbage-first heap   total 96256K, used 66627K [0x0000000080000000, 0x0000000100000000)
  region size 1024K, 2 young (2048K), 2 survivors (2048K)
 Metaspace       used 69796K, committed 70720K, reserved 491520K
  class space    used 10067K, committed 10496K, reserved 425984K
}
Event: 36.315 GC heap before
{Heap before GC invocations=37 (full 0):
 garbage-first heap   total 96256K, used 79939K [0x0000000080000000, 0x0000000100000000)
  region size 1024K, 16 young (16384K), 2 survivors (2048K)
 Metaspace       used 70436K, committed 71424K, reserved 491520K
  class space    used 10146K, committed 10624K, reserved 425984K
}
Event: 36.321 GC heap after
{Heap after GC invocations=38 (full 0):
 garbage-first heap   total 96256K, used 68382K [0x0000000080000000, 0x0000000100000000)
  region size 1024K, 2 young (2048K), 2 survivors (2048K)
 Metaspace       used 70436K, committed 71424K, reserved 491520K
  class space    used 10146K, committed 10624K, reserved 425984K
}
Event: 36.735 GC heap before
{Heap before GC invocations=38 (full 0):
 garbage-first heap   total 96256K, used 80670K [0x0000000080000000, 0x0000000100000000)
  region size 1024K, 14 young (14336K), 2 survivors (2048K)
 Metaspace       used 71017K, committed 72000K, reserved 491520K
  class space    used 10224K, committed 10688K, reserved 425984K
}
Event: 36.740 GC heap after
{Heap after GC invocations=39 (full 0):
 garbage-first heap   total 96256K, used 70530K [0x0000000080000000, 0x0000000100000000)
  region size 1024K, 2 young (2048K), 2 survivors (2048K)
 Metaspace       used 71017K, committed 72000K, reserved 491520K
  class space    used 10224K, committed 10688K, reserved 425984K
}
Event: 37.580 GC heap before
{Heap before GC invocations=39 (full 0):
 garbage-first heap   total 96256K, used 80770K [0x0000000080000000, 0x0000000100000000)
  region size 1024K, 12 young (12288K), 2 survivors (2048K)
 Metaspace       used 71384K, committed 72320K, reserved 491520K
  class space    used 10244K, committed 10688K, reserved 425984K
}
Event: 37.586 GC heap after
{Heap after GC invocations=40 (full 0):
 garbage-first heap   total 96256K, used 72650K [0x0000000080000000, 0x0000000100000000)
  region size 1024K, 2 young (2048K), 2 survivors (2048K)
 Metaspace       used 71384K, committed 72320K, reserved 491520K
  class space    used 10244K, committed 10688K, reserved 425984K
}

Dll operation events (15 events):
Event: 0.042 Loaded shared library C:\Program Files\Microsoft\jdk-17.0.16.8-hotspot\bin\java.dll
Event: 0.084 Loaded shared library C:\Program Files\Microsoft\jdk-17.0.16.8-hotspot\bin\jsvml.dll
Event: 0.230 Loaded shared library C:\Program Files\Microsoft\jdk-17.0.16.8-hotspot\bin\zip.dll
Event: 0.242 Loaded shared library C:\Program Files\Microsoft\jdk-17.0.16.8-hotspot\bin\instrument.dll
Event: 0.251 Loaded shared library C:\Program Files\Microsoft\jdk-17.0.16.8-hotspot\bin\net.dll
Event: 0.254 Loaded shared library C:\Program Files\Microsoft\jdk-17.0.16.8-hotspot\bin\nio.dll
Event: 0.259 Loaded shared library C:\Program Files\Microsoft\jdk-17.0.16.8-hotspot\bin\zip.dll
Event: 1.653 Loaded shared library C:\Program Files\Microsoft\jdk-17.0.16.8-hotspot\bin\jimage.dll
Event: 2.681 Loaded shared library C:\Program Files\Microsoft\jdk-17.0.16.8-hotspot\bin\verify.dll
Event: 2.764 Loaded shared library C:\Users\Likitha\.gradle\native\1def1411415f61bf3af743bc5b6707747c0891f09f0c88961ee8f79bc544acac\windows-amd64\native-platform.dll
Event: 2.804 Loaded shared library C:\Users\Likitha\.gradle\native\0.2.8\x86_64-windows-gnu\gradle-fileevents.dll
Event: 5.958 Loaded shared library C:\Program Files\Microsoft\jdk-17.0.16.8-hotspot\bin\management.dll
Event: 5.961 Loaded shared library C:\Program Files\Microsoft\jdk-17.0.16.8-hotspot\bin\management_ext.dll
Event: 6.439 Loaded shared library C:\Program Files\Microsoft\jdk-17.0.16.8-hotspot\bin\extnet.dll
Event: 7.513 Loaded shared library C:\Program Files\Microsoft\jdk-17.0.16.8-hotspot\bin\sunmscapi.dll

Deoptimization events (20 events):
Event: 37.898 Thread 0x000001fe808a7e00 Uncommon trap: trap_request=0xffffff45 fr.pc=0x000001feceb22f70 relative=0x0000000000000530
Event: 37.898 Thread 0x000001fe808a7e00 Uncommon trap: reason=unstable_if action=reinterpret pc=0x000001feceb22f70 method=java.lang.StringLatin1.compareToCI([B[B)I @ 68 c2
Event: 37.898 Thread 0x000001fe808a7e00 DEOPT PACKING pc=0x000001feceb22f70 sp=0x0000002fbcef9ae0
Event: 37.898 Thread 0x000001fe808a7e00 DEOPT UNPACKING pc=0x000001fece4569a3 sp=0x0000002fbcef99d0 mode 2
Event: 37.923 Thread 0x000001fe808a7e00 Uncommon trap: trap_request=0xffffff45 fr.pc=0x000001feceb44730 relative=0x00000000000004f0
Event: 37.923 Thread 0x000001fe808a7e00 Uncommon trap: reason=unstable_if action=reinterpret pc=0x000001feceb44730 method=java.lang.StringLatin1.compareToCI([B[B)I @ 68 c2
Event: 37.923 Thread 0x000001fe808a7e00 DEOPT PACKING pc=0x000001feceb44730 sp=0x0000002fbcefaa20
Event: 37.923 Thread 0x000001fe808a7e00 DEOPT UNPACKING pc=0x000001fece4569a3 sp=0x0000002fbcefa9a8 mode 2
Event: 37.986 Thread 0x000001fe808a7e00 Uncommon trap: trap_request=0xffffffde fr.pc=0x000001fecee30ea8 relative=0x0000000000000828
Event: 37.986 Thread 0x000001fe808a7e00 Uncommon trap: reason=class_check action=maybe_recompile pc=0x000001fecee30ea8 method=com.google.common.cache.LocalCache$Segment.get(Ljava/lang/Object;I)Ljava/lang/Object; @ 14 c2
Event: 37.986 Thread 0x000001fe808a7e00 DEOPT PACKING pc=0x000001fecee30ea8 sp=0x0000002fbcef8f70
Event: 37.986 Thread 0x000001fe808a7e00 DEOPT UNPACKING pc=0x000001fece4569a3 sp=0x0000002fbcef8ea0 mode 2
Event: 37.988 Thread 0x000001fe808a7e00 Uncommon trap: trap_request=0xffffff45 fr.pc=0x000001feceda2610 relative=0x0000000000000070
Event: 37.988 Thread 0x000001fe808a7e00 Uncommon trap: reason=unstable_if action=reinterpret pc=0x000001feceda2610 method=com.google.common.cache.LocalCache.isExpired(Lcom/google/common/cache/ReferenceEntry;J)Z @ 9 c2
Event: 37.988 Thread 0x000001fe808a7e00 DEOPT PACKING pc=0x000001feceda2610 sp=0x0000002fbcef8ba0
Event: 37.988 Thread 0x000001fe808a7e00 DEOPT UNPACKING pc=0x000001fece4569a3 sp=0x0000002fbcef8b30 mode 2
Event: 37.990 Thread 0x000001fe808a7e00 DEOPT PACKING pc=0x000001fec80c03d5 sp=0x0000002fbcef8410
Event: 37.990 Thread 0x000001fe808a7e00 DEOPT UNPACKING pc=0x000001fece457143 sp=0x0000002fbcef7948 mode 0
Event: 38.005 Thread 0x000001fe808a7e00 DEOPT PACKING pc=0x000001fec80c032d sp=0x0000002fbcef8410
Event: 38.005 Thread 0x000001fe808a7e00 DEOPT UNPACKING pc=0x000001fece457143 sp=0x0000002fbcef7948 mode 0

Classes loaded (20 events):
Event: 36.392 Loading class sun/reflect/generics/repository/FieldRepository
Event: 36.393 Loading class sun/reflect/generics/repository/FieldRepository done
Event: 36.402 Loading class jdk/internal/vm/annotation/ForceInline
Event: 36.402 Loading class jdk/internal/vm/annotation/ForceInline done
Event: 36.416 Loading class java/util/AbstractMap$2
Event: 36.417 Loading class java/util/AbstractMap$2 done
Event: 36.418 Loading class java/util/AbstractMap$2$1
Event: 36.419 Loading class java/util/AbstractMap$2$1 done
Event: 36.640 Loading class java/util/AbstractCollectionBeanInfo
Event: 36.640 Loading class java/util/AbstractCollectionBeanInfo done
Event: 36.640 Loading class java/util/AbstractCollectionBeanInfo
Event: 36.640 Loading class java/util/AbstractCollectionBeanInfo done
Event: 36.640 Loading class java/util/AbstractCollectionCustomizer
Event: 36.640 Loading class java/util/AbstractCollectionCustomizer done
Event: 36.641 Loading class java/util/AbstractCollectionCustomizer
Event: 36.641 Loading class java/util/AbstractCollectionCustomizer done
Event: 37.424 Loading class java/util/Collections$ReverseComparator
Event: 37.424 Loading class java/util/Collections$ReverseComparator done
Event: 37.425 Loading class java/util/Collections$ReverseComparator2
Event: 37.425 Loading class java/util/Collections$ReverseComparator2 done

Classes unloaded (0 events):
No events

Classes redefined (0 events):
No events

Internal exceptions (20 events):
Event: 36.586 Thread 0x000001fefd2636b0 Exception <a 'java/lang/ClassNotFoundException'{0x00000000856e2ea8}: org/gradle/api/internal/initialization/DefaultScriptHandlerCustomizer> (0x00000000856e2ea8) 
thrown [s\src\hotspot\share\classfile\systemDictionary.cpp, line 256]
Event: 36.591 Thread 0x000001fefd2636b0 Exception <a 'java/lang/ClassNotFoundException'{0x0000000085502d50}: org/gradle/api/internal/initialization/DefaultScriptHandler_DecoratedCustomizer> (0x0000000085502d50) 
thrown [s\src\hotspot\share\classfile\systemDictionary.cpp, line 256]
Event: 36.631 Thread 0x000001fefd2636b0 Exception <a 'java/lang/ClassNotFoundException'{0x00000000855c38c0}: org/gradle/api/internal/artifacts/dsl/DefaultRepositoryHandler_DecoratedBeanInfo> (0x00000000855c38c0) 
thrown [s\src\hotspot\share\classfile\systemDictionary.cpp, line 256]
Event: 36.633 Thread 0x000001fefd2636b0 Exception <a 'java/lang/ClassNotFoundException'{0x00000000855dbc88}: org/gradle/api/internal/artifacts/dsl/DefaultRepositoryHandlerBeanInfo> (0x00000000855dbc88) 
thrown [s\src\hotspot\share\classfile\systemDictionary.cpp, line 256]
Event: 36.636 Thread 0x000001fefd2636b0 Exception <a 'java/lang/ClassNotFoundException'{0x00000000855f4e40}: org/gradle/api/internal/artifacts/DefaultArtifactRepositoryContainerBeanInfo> (0x00000000855f4e40) 
thrown [s\src\hotspot\share\classfile\systemDictionary.cpp, line 256]
Event: 36.637 Thread 0x000001fefd2636b0 Exception <a 'java/lang/ClassNotFoundException'{0x000000008540b530}: org/gradle/api/internal/DefaultNamedDomainObjectListBeanInfo> (0x000000008540b530) 
thrown [s\src\hotspot\share\classfile\systemDictionary.cpp, line 256]
Event: 36.638 Thread 0x000001fefd2636b0 Exception <a 'java/lang/ClassNotFoundException'{0x0000000085421df0}: org/gradle/api/internal/DefaultNamedDomainObjectCollectionBeanInfo> (0x0000000085421df0) 
thrown [s\src\hotspot\share\classfile\systemDictionary.cpp, line 256]
Event: 36.640 Thread 0x000001fefd2636b0 Exception <a 'java/lang/ClassNotFoundException'{0x00000000854381c0}: org/gradle/api/internal/DefaultDomainObjectCollectionBeanInfo> (0x00000000854381c0) 
thrown [s\src\hotspot\share\classfile\systemDictionary.cpp, line 256]
Event: 36.640 Thread 0x000001fefd2636b0 Exception <a 'java/lang/ClassNotFoundException'{0x00000000854401e8}: java/util/AbstractCollectionBeanInfo> (0x00000000854401e8) 
thrown [s\src\hotspot\share\classfile\systemDictionary.cpp, line 256]
Event: 36.641 Thread 0x000001fefd2636b0 Exception <a 'java/lang/ClassNotFoundException'{0x0000000085447f80}: java/util/AbstractCollectionCustomizer> (0x0000000085447f80) 
thrown [s\src\hotspot\share\classfile\systemDictionary.cpp, line 256]
Event: 36.643 Thread 0x000001fefd2636b0 Exception <a 'java/lang/ClassNotFoundException'{0x000000008546e1a0}: org/gradle/api/internal/DefaultDomainObjectCollectionCustomizer> (0x000000008546e1a0) 
thrown [s\src\hotspot\share\classfile\systemDictionary.cpp, line 256]
Event: 36.648 Thread 0x000001fefd2636b0 Exception <a 'java/lang/ClassNotFoundException'{0x00000000854ae190}: org/gradle/api/internal/DefaultNamedDomainObjectCollectionCustomizer> (0x00000000854ae190) 
thrown [s\src\hotspot\share\classfile\systemDictionary.cpp, line 256]
Event: 36.663 Thread 0x000001fefd2636b0 Exception <a 'java/lang/ClassNotFoundException'{0x00000000854fafe0}: org/gradle/api/internal/DefaultNamedDomainObjectListCustomizer> (0x00000000854fafe0) 
thrown [s\src\hotspot\share\classfile\systemDictionary.cpp, line 256]
Event: 36.674 Thread 0x000001fefd2636b0 Exception <a 'java/lang/ClassNotFoundException'{0x0000000085344d90}: org/gradle/api/internal/artifacts/DefaultArtifactRepositoryContainerCustomizer> (0x0000000085344d90) 
thrown [s\src\hotspot\share\classfile\systemDictionary.cpp, line 256]
Event: 36.695 Thread 0x000001fefd2636b0 Exception <a 'java/lang/ClassNotFoundException'{0x0000000085386d90}: org/gradle/api/internal/artifacts/dsl/DefaultRepositoryHandlerCustomizer> (0x0000000085386d90) 
thrown [s\src\hotspot\share\classfile\systemDictionary.cpp, line 256]
Event: 36.699 Thread 0x000001fefd2636b0 Exception <a 'java/lang/ClassNotFoundException'{0x00000000853d5e28}: org/gradle/api/internal/artifacts/dsl/DefaultRepositoryHandler_DecoratedCustomizer> (0x00000000853d5e28) 
thrown [s\src\hotspot\share\classfile\systemDictionary.cpp, line 256]
Event: 36.721 Thread 0x000001fefd2636b0 Exception <a 'java/lang/ClassNotFoundException'{0x000000008526fc40}: org/gradle/api/internal/artifacts/dsl/dependencies/DefaultDependencyHandler_DecoratedBeanInfo> (0x000000008526fc40) 
thrown [s\src\hotspot\share\classfile\systemDictionary.cpp, line 256]
Event: 36.723 Thread 0x000001fefd2636b0 Exception <a 'java/lang/ClassNotFoundException'{0x00000000852881d8}: org/gradle/api/internal/artifacts/dsl/dependencies/DefaultDependencyHandlerBeanInfo> (0x00000000852881d8) 
thrown [s\src\hotspot\share\classfile\systemDictionary.cpp, line 256]
Event: 36.725 Thread 0x000001fefd2636b0 Exception <a 'java/lang/ClassNotFoundException'{0x00000000852a0180}: org/gradle/api/internal/artifacts/dsl/dependencies/DefaultDependencyHandlerCustomizer> (0x00000000852a0180) 
thrown [s\src\hotspot\share\classfile\systemDictionary.cpp, line 256]
Event: 36.734 Thread 0x000001fefd2636b0 Exception <a 'java/lang/ClassNotFoundException'{0x00000000852ea4d0}: org/gradle/api/internal/artifacts/dsl/dependencies/DefaultDependencyHandler_DecoratedCustomizer> (0x00000000852ea4d0) 
thrown [s\src\hotspot\share\classfile\systemDictionary.cpp, line 256]

VM Operations (20 events):
Event: 34.847 Executing VM operation: G1CollectForAllocation
Event: 34.852 Executing VM operation: G1CollectForAllocation done
Event: 34.942 Executing VM operation: HandshakeAllThreads
Event: 34.942 Executing VM operation: HandshakeAllThreads done
Event: 35.562 Executing VM operation: ICBufferFull
Event: 35.563 Executing VM operation: ICBufferFull done
Event: 35.762 Executing VM operation: G1CollectForAllocation
Event: 35.769 Executing VM operation: G1CollectForAllocation done
Event: 36.315 Executing VM operation: G1CollectForAllocation
Event: 36.321 Executing VM operation: G1CollectForAllocation done
Event: 36.735 Executing VM operation: G1CollectForAllocation
Event: 36.740 Executing VM operation: G1CollectForAllocation done
Event: 36.790 Executing VM operation: HandshakeAllThreads
Event: 36.791 Executing VM operation: HandshakeAllThreads done
Event: 37.522 Executing VM operation: ICBufferFull
Event: 37.522 Executing VM operation: ICBufferFull done
Event: 37.580 Executing VM operation: G1CollectForAllocation
Event: 37.586 Executing VM operation: G1CollectForAllocation done
Event: 37.846 Executing VM operation: ICBufferFull
Event: 37.846 Executing VM operation: ICBufferFull done

Memory protections (0 events):
No events

Nmethod flushes (20 events):
Event: 23.219 Thread 0x000001fefc040840 flushing  nmethod 0x000001fec7686710
Event: 23.219 Thread 0x000001fefc040840 flushing  nmethod 0x000001fec768af10
Event: 23.219 Thread 0x000001fefc040840 flushing  nmethod 0x000001fec768e610
Event: 23.219 Thread 0x000001fefc040840 flushing  nmethod 0x000001fec768fa10
Event: 23.219 Thread 0x000001fefc040840 flushing  nmethod 0x000001fec769c790
Event: 23.219 Thread 0x000001fefc040840 flushing  nmethod 0x000001fec76a7a90
Event: 23.219 Thread 0x000001fefc040840 flushing  nmethod 0x000001fec76e6690
Event: 23.220 Thread 0x000001fefc040840 flushing  nmethod 0x000001fec7717810
Event: 23.220 Thread 0x000001fefc040840 flushing  nmethod 0x000001fec7720f10
Event: 23.220 Thread 0x000001fefc040840 flushing  nmethod 0x000001fec774fb90
Event: 23.220 Thread 0x000001fefc040840 flushing  nmethod 0x000001fec7750f90
Event: 23.220 Thread 0x000001fefc040840 flushing  nmethod 0x000001fec776f410
Event: 23.221 Thread 0x000001fefc040840 flushing  nmethod 0x000001fec7825710
Event: 23.221 Thread 0x000001fefc040840 flushing  nmethod 0x000001fec7866a90
Event: 23.221 Thread 0x000001fefc040840 flushing  nmethod 0x000001fec7876490
Event: 23.221 Thread 0x000001fefc040840 flushing  nmethod 0x000001fec7876d10
Event: 23.221 Thread 0x000001fefc040840 flushing  nmethod 0x000001fec7877010
Event: 23.221 Thread 0x000001fefc040840 flushing  nmethod 0x000001fec7880190
Event: 32.145 Thread 0x000001fefc040840 flushing  nmethod 0x000001fecec3f910
Event: 32.150 Thread 0x000001fefc040840 flushing  nmethod 0x000001fec7311610

Events (20 events):
Event: 34.714 Thread 0x000001fe808a7e00 Thread added: 0x000001fe82725590
Event: 34.715 Thread 0x000001fe808a7e00 Thread added: 0x000001fe8272bfe0
Event: 35.145 Thread 0x000001fe808a5a90 Thread added: 0x000001fe8272c4f0
Event: 35.307 Thread 0x000001fe808a5a90 Thread added: 0x000001fe82729760
Event: 35.308 Thread 0x000001fe808a5a90 Thread added: 0x000001fe82725080
Event: 35.311 Thread 0x000001fe808a5a90 Thread added: 0x000001fe827264c0
Event: 35.603 Thread 0x000001fefd2636b0 Thread added: 0x000001fe8272ca00
Event: 35.604 Thread 0x000001fefd2636b0 Thread added: 0x000001fe82725aa0
Event: 35.605 Thread 0x000001fefd2636b0 Thread added: 0x000001fe82725fb0
Event: 35.646 Thread 0x000001fefd2636b0 Thread added: 0x000001fe827269d0
Event: 35.647 Thread 0x000001fefd2636b0 Thread added: 0x000001fe82726ee0
Event: 35.648 Thread 0x000001fefd2636b0 Thread added: 0x000001fe827273f0
Event: 35.745 Thread 0x000001fefd2636b0 Thread added: 0x000001fe82727900
Event: 35.746 Thread 0x000001fefd2636b0 Thread added: 0x000001fe82727e10
Event: 35.746 Thread 0x000001fefd2636b0 Thread added: 0x000001fe82728320
Event: 36.074 Thread 0x000001fefd2636b0 Thread added: 0x000001fe82728830
Event: 36.530 Thread 0x000001fefd2636b0 Thread added: 0x000001fe8172d270
Event: 37.971 Thread 0x000001fe808a7e00 Thread added: 0x000001fe8172d780
Event: 37.971 Thread 0x000001fe808a7e00 Thread added: 0x000001fe8172e6b0
Event: 37.971 Thread 0x000001fe808a7e00 Thread added: 0x000001fe8172cd60


Dynamic libraries:
0x00007ff7cdd00000 - 0x00007ff7cdd0e000 	C:\Program Files\Microsoft\jdk-17.0.16.8-hotspot\bin\java.exe
0x00007ffd22270000 - 0x00007ffd22488000 	C:\WINDOWS\SYSTEM32\ntdll.dll
0x00007ffd20aa0000 - 0x00007ffd20b64000 	C:\WINDOWS\System32\KERNEL32.DLL
0x00007ffd1f5b0000 - 0x00007ffd1f983000 	C:\WINDOWS\System32\KERNELBASE.dll
0x00007ffd1b2d0000 - 0x00007ffd1b367000 	C:\WINDOWS\SYSTEM32\apphelp.dll
0x00007ffd1f990000 - 0x00007ffd1faa1000 	C:\WINDOWS\System32\ucrtbase.dll
0x00007ffd0e170000 - 0x00007ffd0e18e000 	C:\Program Files\Microsoft\jdk-17.0.16.8-hotspot\bin\VCRUNTIME140.dll
0x00007ffd0e190000 - 0x00007ffd0e1a8000 	C:\Program Files\Microsoft\jdk-17.0.16.8-hotspot\bin\jli.dll
0x00007ffd20830000 - 0x00007ffd209e2000 	C:\WINDOWS\System32\USER32.dll
0x00007ffd1f4c0000 - 0x00007ffd1f4e6000 	C:\WINDOWS\System32\win32u.dll
0x00007ffd21b60000 - 0x00007ffd21b89000 	C:\WINDOWS\System32\GDI32.dll
0x00007ffd1fae0000 - 0x00007ffd1fbfb000 	C:\WINDOWS\System32\gdi32full.dll
0x00007ffd0c7c0000 - 0x00007ffd0ca5c000 	C:\WINDOWS\WinSxS\amd64_microsoft.windows.common-controls_6595b64144ccf1df_6.0.22621.6060_none_2712eda17382d24b\COMCTL32.dll
0x00007ffd1fe70000 - 0x00007ffd1ff0a000 	C:\WINDOWS\System32\msvcp_win.dll
0x00007ffd20570000 - 0x00007ffd20617000 	C:\WINDOWS\System32\msvcrt.dll
0x00007ffd20630000 - 0x00007ffd20661000 	C:\WINDOWS\System32\IMM32.DLL
0x00007ffd152b0000 - 0x00007ffd152bc000 	C:\Program Files\Microsoft\jdk-17.0.16.8-hotspot\bin\vcruntime140_1.dll
0x00007ffcf5ff0000 - 0x00007ffcf6079000 	C:\Program Files\Microsoft\jdk-17.0.16.8-hotspot\bin\msvcp140.dll
0x00007ffcd7730000 - 0x00007ffcd83aa000 	C:\Program Files\Microsoft\jdk-17.0.16.8-hotspot\bin\server\jvm.dll
0x00007ffd201e0000 - 0x00007ffd20291000 	C:\WINDOWS\System32\ADVAPI32.dll
0x00007ffd209f0000 - 0x00007ffd20a98000 	C:\WINDOWS\System32\sechost.dll
0x00007ffd1fab0000 - 0x00007ffd1fad8000 	C:\WINDOWS\System32\bcrypt.dll
0x00007ffd21a40000 - 0x00007ffd21b58000 	C:\WINDOWS\System32\RPCRT4.dll
0x00007ffd1ff10000 - 0x00007ffd1ff81000 	C:\WINDOWS\System32\WS2_32.dll
0x00007ffd1f260000 - 0x00007ffd1f2ad000 	C:\WINDOWS\SYSTEM32\POWRPROF.dll
0x00007ffd1b600000 - 0x00007ffd1b634000 	C:\WINDOWS\SYSTEM32\WINMM.dll
0x00007ffd16990000 - 0x00007ffd1699a000 	C:\WINDOWS\SYSTEM32\VERSION.dll
0x00007ffd1f230000 - 0x00007ffd1f243000 	C:\WINDOWS\SYSTEM32\UMPDC.dll
0x00007ffd1e360000 - 0x00007ffd1e378000 	C:\WINDOWS\SYSTEM32\kernel.appcore.dll
0x00007ffd0d090000 - 0x00007ffd0d09a000 	C:\Program Files\Microsoft\jdk-17.0.16.8-hotspot\bin\jimage.dll
0x00007ffd18670000 - 0x00007ffd188a3000 	C:\WINDOWS\SYSTEM32\DBGHELP.DLL
0x00007ffd21c60000 - 0x00007ffd21ff1000 	C:\WINDOWS\System32\combase.dll
0x00007ffd202c0000 - 0x00007ffd20398000 	C:\WINDOWS\System32\OLEAUT32.dll
0x00007ffd17dc0000 - 0x00007ffd17df2000 	C:\WINDOWS\SYSTEM32\dbgcore.DLL
0x00007ffd1fd70000 - 0x00007ffd1fdeb000 	C:\WINDOWS\System32\bcryptPrimitives.dll
0x00007ffd06960000 - 0x00007ffd0696f000 	C:\Program Files\Microsoft\jdk-17.0.16.8-hotspot\bin\instrument.dll
0x00007ffd06e80000 - 0x00007ffd06ea6000 	C:\Program Files\Microsoft\jdk-17.0.16.8-hotspot\bin\java.dll
0x00007ffcebd80000 - 0x00007ffcebe56000 	C:\Program Files\Microsoft\jdk-17.0.16.8-hotspot\bin\jsvml.dll
0x00007ffd211a0000 - 0x00007ffd21a3c000 	C:\WINDOWS\System32\SHELL32.dll
0x00007ffd1f380000 - 0x00007ffd1f4bf000 	C:\WINDOWS\System32\wintypes.dll
0x00007ffd1d280000 - 0x00007ffd1db9a000 	C:\WINDOWS\SYSTEM32\windows.storage.dll
0x00007ffd200d0000 - 0x00007ffd201d4000 	C:\WINDOWS\System32\SHCORE.dll
0x00007ffd221c0000 - 0x00007ffd22229000 	C:\WINDOWS\System32\shlwapi.dll
0x00007ffd1f2b0000 - 0x00007ffd1f2d5000 	C:\WINDOWS\SYSTEM32\profapi.dll
0x00007ffd06e60000 - 0x00007ffd06e78000 	C:\Program Files\Microsoft\jdk-17.0.16.8-hotspot\bin\zip.dll
0x00007ffd0c780000 - 0x00007ffd0c79b000 	C:\Program Files\Microsoft\jdk-17.0.16.8-hotspot\bin\net.dll
0x00007ffd1b0c0000 - 0x00007ffd1b1ec000 	C:\WINDOWS\SYSTEM32\WINHTTP.dll
0x00007ffd1e840000 - 0x00007ffd1e8a9000 	C:\WINDOWS\system32\mswsock.dll
0x00007ffd08600000 - 0x00007ffd08616000 	C:\Program Files\Microsoft\jdk-17.0.16.8-hotspot\bin\nio.dll
0x00007ffd08150000 - 0x00007ffd08160000 	C:\Program Files\Microsoft\jdk-17.0.16.8-hotspot\bin\verify.dll
0x00007ffd05ed0000 - 0x00007ffd05ef7000 	C:\Users\Likitha\.gradle\native\1def1411415f61bf3af743bc5b6707747c0891f09f0c88961ee8f79bc544acac\windows-amd64\native-platform.dll
0x00007ffced590000 - 0x00007ffced607000 	C:\Users\Likitha\.gradle\native\0.2.8\x86_64-windows-gnu\gradle-fileevents.dll
0x00007ffd0d080000 - 0x00007ffd0d08a000 	C:\Program Files\Microsoft\jdk-17.0.16.8-hotspot\bin\management.dll
0x00007ffd0b190000 - 0x00007ffd0b19c000 	C:\Program Files\Microsoft\jdk-17.0.16.8-hotspot\bin\management_ext.dll
0x00007ffd220a0000 - 0x00007ffd220a8000 	C:\WINDOWS\System32\PSAPI.DLL
0x00007ffd1de00000 - 0x00007ffd1de2d000 	C:\WINDOWS\SYSTEM32\IPHLPAPI.DLL
0x00007ffd20620000 - 0x00007ffd20629000 	C:\WINDOWS\System32\NSI.dll
0x00007ffd1af20000 - 0x00007ffd1af39000 	C:\WINDOWS\SYSTEM32\dhcpcsvc6.DLL
0x00007ffd1aec0000 - 0x00007ffd1aedf000 	C:\WINDOWS\SYSTEM32\dhcpcsvc.DLL
0x00007ffd1de70000 - 0x00007ffd1df68000 	C:\WINDOWS\SYSTEM32\DNSAPI.dll
0x00007ffd07070000 - 0x00007ffd07079000 	C:\Program Files\Microsoft\jdk-17.0.16.8-hotspot\bin\extnet.dll
0x00007ffd1ea90000 - 0x00007ffd1eaab000 	C:\WINDOWS\SYSTEM32\CRYPTSP.dll
0x00007ffd1e2c0000 - 0x00007ffd1e2f7000 	C:\WINDOWS\system32\rsaenh.dll
0x00007ffd1e930000 - 0x00007ffd1e958000 	C:\WINDOWS\SYSTEM32\USERENV.dll
0x00007ffd1eab0000 - 0x00007ffd1eabc000 	C:\WINDOWS\SYSTEM32\CRYPTBASE.dll
0x00007ffd06710000 - 0x00007ffd0671e000 	C:\Program Files\Microsoft\jdk-17.0.16.8-hotspot\bin\sunmscapi.dll
0x00007ffd1fc00000 - 0x00007ffd1fd68000 	C:\WINDOWS\System32\CRYPT32.dll
0x00007ffd1ec50000 - 0x00007ffd1ec7e000 	C:\WINDOWS\SYSTEM32\ncrypt.dll
0x00007ffd1ec10000 - 0x00007ffd1ec47000 	C:\WINDOWS\SYSTEM32\NTASN1.dll
0x00007ffcdc0d0000 - 0x00007ffcdc0d8000 	C:\WINDOWS\system32\wshunix.dll

dbghelp: loaded successfully - version: 4.0.5 - missing functions: none
symbol engine: initialized successfully - sym options: 0x614 - pdb path: .;C:\Program Files\Microsoft\jdk-17.0.16.8-hotspot\bin;C:\WINDOWS\SYSTEM32;C:\WINDOWS\WinSxS\amd64_microsoft.windows.common-controls_6595b64144ccf1df_6.0.22621.6060_none_2712eda17382d24b;C:\Program Files\Microsoft\jdk-17.0.16.8-hotspot\bin\server;C:\Users\Likitha\.gradle\native\1def1411415f61bf3af743bc5b6707747c0891f09f0c88961ee8f79bc544acac\windows-amd64;C:\Users\Likitha\.gradle\native\0.2.8\x86_64-windows-gnu

VM Arguments:
jvm_args: --add-opens=java.base/java.lang=ALL-UNNAMED --add-opens=java.base/java.lang.invoke=ALL-UNNAMED --add-opens=java.base/java.util=ALL-UNNAMED --add-opens=java.prefs/java.util.prefs=ALL-UNNAMED --add-exports=jdk.compiler/com.sun.tools.javac.api=ALL-UNNAMED --add-exports=jdk.compiler/com.sun.tools.javac.util=ALL-UNNAMED --add-opens=java.base/java.util=ALL-UNNAMED --add-opens=java.prefs/java.util.prefs=ALL-UNNAMED --add-opens=java.base/java.nio.charset=ALL-UNNAMED --add-opens=java.base/java.net=ALL-UNNAMED --add-opens=java.base/java.util.concurrent=ALL-UNNAMED --add-opens=java.base/java.util.concurrent.atomic=ALL-UNNAMED --add-opens=java.xml/javax.xml.namespace=ALL-UNNAMED -XX:MaxMetaspaceSize=512m -Xmx2048m -Dfile.encoding=windows-1252 -Duser.country=US -Duser.language=en -Duser.variant -javaagent:C:\Users\Likitha\.gradle\wrapper\dists\gradle-9.0.0-bin\d6wjpkvcgsg3oed0qlfss3wgl\gradle-9.0.0\lib\agents\gradle-instrumentation-agent-9.0.0.jar 
java_command: org.gradle.launcher.daemon.bootstrap.GradleDaemon 9.0.0
java_class_path (initial): C:\Users\Likitha\.gradle\wrapper\dists\gradle-9.0.0-bin\d6wjpkvcgsg3oed0qlfss3wgl\gradle-9.0.0\lib\gradle-daemon-main-9.0.0.jar
Launcher Type: SUN_STANDARD

[Global flags]
     intx CICompilerCount                          = 3                                         {product} {ergonomic}
   size_t CompressedClassSpaceSize                 = 436207616                                 {product} {ergonomic}
     uint ConcGCThreads                            = 1                                         {product} {ergonomic}
     uint G1ConcRefinementThreads                  = 4                                         {product} {ergonomic}
   size_t G1HeapRegionSize                         = 1048576                                   {product} {ergonomic}
    uintx GCDrainStackTargetSize                   = 64                                        {product} {ergonomic}
   size_t InitialHeapSize                          = 167772160                                 {product} {ergonomic}
   size_t MarkStackSize                            = 4194304                                   {product} {ergonomic}
   size_t MaxHeapSize                              = 2147483648                                {product} {command line}
   size_t MaxMetaspaceSize                         = 536870912                                 {product} {command line}
   size_t MaxNewSize                               = 1287651328                                {product} {ergonomic}
   size_t MinHeapDeltaBytes                        = 1048576                                   {product} {ergonomic}
   size_t MinHeapSize                              = 8388608                                   {product} {ergonomic}
    uintx NonNMethodCodeHeapSize                   = 5832780                                {pd product} {ergonomic}
    uintx NonProfiledCodeHeapSize                  = 122912730                              {pd product} {ergonomic}
    uintx ProfiledCodeHeapSize                     = 122912730                              {pd product} {ergonomic}
    uintx ReservedCodeCacheSize                    = 251658240                              {pd product} {ergonomic}
     bool SegmentedCodeCache                       = true                                      {product} {ergonomic}
   size_t SoftMaxHeapSize                          = 2147483648                             {manageable} {ergonomic}
     bool UseCompressedClassPointers               = true                           {product lp64_product} {ergonomic}
     bool UseCompressedOops                        = true                           {product lp64_product} {ergonomic}
     bool UseG1GC                                  = true                                      {product} {ergonomic}
     bool UseLargePagesIndividualAllocation        = false                                  {pd product} {ergonomic}

Logging:
Log output configuration:
 #0: stdout all=warning uptime,level,tags
 #1: stderr all=off uptime,level,tags

Environment Variables:
JAVA_HOME=C:\Program Files\Microsoft\jdk-17.0.16.8-hotspot\
PATH=C:\Users\Likitha\Desktop\medicalll\hospital-frontend-app\node_modules\.bin;C:\Users\Likitha\Desktop\medicalll\hospital-frontend-app\node_modules\.bin;C:\Users\Likitha\Desktop\medicalll\node_modules\.bin;C:\Users\Likitha\Desktop\node_modules\.bin;C:\Users\Likitha\node_modules\.bin;C:\Users\node_modules\.bin;C:\node_modules\.bin;C:\Program Files\nodejs\node_modules\npm\node_modules\@npmcli\run-script\lib\node-gyp-bin;C:\Program Files\Microsoft\jdk-17.0.16.8-hotspot\bin;C:\WINDOWS\system32;C:\WINDOWS;C:\WINDOWS\System32\Wbem;C:\WINDOWS\System32\WindowsPowerShell\v1.0\;C:\WINDOWS\System32\OpenSSH\;C:\ProgramData\chocolatey\bin;C:\Program Files\nodejs\;C:\Program Files\Git\cmd;C:\Users\Likitha\AppData\Local\Android\Sdk\emulator;C:\Users\Likitha\AppData\Local\Microsoft\WindowsApps;C:\Users\Likitha\AppData\Roaming\npm;C:\Users\Likitha\AppData\Local\Android\Sdk\platform-tools;C:\Users\Likitha\AppData\Local\Programs\Microsoft VS Code\bin;C:\Users\Likitha\AppData\Local\GitHubDesktop\bin;
USERNAME=Likitha
LANG=en_US.UTF-8
OS=Windows_NT
PROCESSOR_IDENTIFIER=AMD64 Family 23 Model 24 Stepping 1, AuthenticAMD
TMP=C:\Users\Likitha\AppData\Local\Temp
TEMP=C:\Users\Likitha\AppData\Local\Temp



Periodic native trim disabled


---------------  S Y S T E M  ---------------

OS:
 Windows 11 , 64 bit Build 22621 (10.0.22621.5415)
OS uptime: 14 days 18:02 hours

CPU: total 4 (initial active 4) (4 cores per cpu, 2 threads per core) family 23 model 24 stepping 1 microcode 0x0, cx8, cmov, fxsr, ht, mmx, 3dnowpref, sse, sse2, sse3, ssse3, sse4a, sse4.1, sse4.2, popcnt, lzcnt, tsc, tscinvbit, avx, avx2, aes, clmul, bmi1, bmi2, adx, sha, fma, vzeroupper, clflush, clflushopt
Processor Information for the first 4 processors :
  Max Mhz: 2600, Current Mhz: 2600, Mhz Limit: 2600

Memory: 4k page, system-wide physical 10116M (205M free)
TotalPageFile size 28760M (AvailPageFile size 3M)
current process WorkingSet (physical memory assigned to process): 314M, peak: 316M
current process commit charge ("private bytes"): 347M, peak: 349M

vm_info: OpenJDK 64-Bit Server VM (17.0.16+8-LTS) for windows-amd64 JRE (17.0.16+8-LTS), built on Jul 10 2025 00:24:24 by "MicrosoftCorporation" with unknown MS VC++:1944

END.
